time="2026-03-02T10:44:03+01:00" level=warning msg="\"cli\" level configuration overrode scenarios configuration entirely"

         /\      Grafana   /‾‾/  
    /\  /  \     |\  __   /  /   
   /  \/    \    | |/ /  /   ‾‾\ 
  /          \   |   (  |  (‾)  |
 / __________ \  |_|\_\  \_____/ 


     execution: local
        script: /Users/agiertli/Documents/work/lemonade-stand-assistant/scripts/k6-load-test.js
        output: json (/Users/agiertli/Documents/work/lemonade-stand-assistant/scripts/../benchmark-results/20260302_104403_1-user.json)

     scenarios: (100.00%) 1 scenario, 1 max VUs, 2m30s max duration (incl. graceful stop):
              * default: 1 looping VUs for 2m0s (gracefulStop: 30s)

time="2026-03-02T10:44:03+01:00" level=info msg="\n========================================" source=console
time="2026-03-02T10:44:03+01:00" level=info msg="k6 Load Test - Lemonade Stand API" source=console
time="2026-03-02T10:44:03+01:00" level=info msg="Target: https://lemonade-stand-lemonade-stand-assistant.apps.cluster-8zrnr.8zrnr.sandbox203.opentlc.com" source=console
time="2026-03-02T10:44:03+01:00" level=info msg="Scenario: load" source=console
time="2026-03-02T10:44:03+01:00" level=info msg="Mode: STRESS TEST (1-3s think time)" source=console
time="2026-03-02T10:44:03+01:00" level=info msg="========================================\n" source=console
time="2026-03-02T10:44:04+01:00" level=info msg="Service is healthy, starting load test...\n" source=console

running (0m01.0s), 1/1 VUs, 0 complete and 0 interrupted iterations
default   [   0% ] 1 VUs  0m00.5s/2m0s

running (0m02.0s), 1/1 VUs, 0 complete and 0 interrupted iterations
default   [   1% ] 1 VUs  0m01.5s/2m0s

running (0m03.0s), 1/1 VUs, 0 complete and 0 interrupted iterations
default   [   2% ] 1 VUs  0m02.5s/2m0s

running (0m04.0s), 1/1 VUs, 1 complete and 0 interrupted iterations
default   [   3% ] 1 VUs  0m03.5s/2m0s

running (0m05.0s), 1/1 VUs, 1 complete and 0 interrupted iterations
default   [   4% ] 1 VUs  0m04.5s/2m0s

running (0m06.0s), 1/1 VUs, 2 complete and 0 interrupted iterations
default   [   5% ] 1 VUs  0m05.5s/2m0s

running (0m07.0s), 1/1 VUs, 2 complete and 0 interrupted iterations
default   [   5% ] 1 VUs  0m06.5s/2m0s

running (0m08.0s), 1/1 VUs, 2 complete and 0 interrupted iterations
default   [   6% ] 1 VUs  0m07.5s/2m0s

running (0m09.0s), 1/1 VUs, 2 complete and 0 interrupted iterations
default   [   7% ] 1 VUs  0m08.5s/2m0s

running (0m10.0s), 1/1 VUs, 2 complete and 0 interrupted iterations
default   [   8% ] 1 VUs  0m09.5s/2m0s

running (0m11.0s), 1/1 VUs, 2 complete and 0 interrupted iterations
default   [   9% ] 1 VUs  0m10.5s/2m0s

running (0m12.0s), 1/1 VUs, 2 complete and 0 interrupted iterations
default   [  10% ] 1 VUs  0m11.5s/2m0s

running (0m13.0s), 1/1 VUs, 2 complete and 0 interrupted iterations
default   [  10% ] 1 VUs  0m12.5s/2m0s

running (0m14.0s), 1/1 VUs, 3 complete and 0 interrupted iterations
default   [  11% ] 1 VUs  0m13.5s/2m0s

running (0m15.0s), 1/1 VUs, 3 complete and 0 interrupted iterations
default   [  12% ] 1 VUs  0m14.5s/2m0s

running (0m16.0s), 1/1 VUs, 4 complete and 0 interrupted iterations
default   [  13% ] 1 VUs  0m15.5s/2m0s

running (0m17.0s), 1/1 VUs, 4 complete and 0 interrupted iterations
default   [  14% ] 1 VUs  0m16.5s/2m0s

running (0m18.0s), 1/1 VUs, 4 complete and 0 interrupted iterations
default   [  15% ] 1 VUs  0m17.5s/2m0s

running (0m19.0s), 1/1 VUs, 4 complete and 0 interrupted iterations
default   [  15% ] 1 VUs  0m18.5s/2m0s

running (0m20.0s), 1/1 VUs, 4 complete and 0 interrupted iterations
default   [  16% ] 1 VUs  0m19.5s/2m0s

running (0m21.0s), 1/1 VUs, 4 complete and 0 interrupted iterations
default   [  17% ] 1 VUs  0m20.5s/2m0s

running (0m22.0s), 1/1 VUs, 4 complete and 0 interrupted iterations
default   [  18% ] 1 VUs  0m21.5s/2m0s

running (0m23.0s), 1/1 VUs, 5 complete and 0 interrupted iterations
default   [  19% ] 1 VUs  0m22.5s/2m0s

running (0m24.0s), 1/1 VUs, 5 complete and 0 interrupted iterations
default   [  20% ] 1 VUs  0m23.5s/2m0s

running (0m25.0s), 1/1 VUs, 5 complete and 0 interrupted iterations
default   [  20% ] 1 VUs  0m24.5s/2m0s

running (0m26.0s), 1/1 VUs, 5 complete and 0 interrupted iterations
default   [  21% ] 1 VUs  0m25.5s/2m0s

running (0m27.0s), 1/1 VUs, 5 complete and 0 interrupted iterations
default   [  22% ] 1 VUs  0m26.5s/2m0s

running (0m28.0s), 1/1 VUs, 5 complete and 0 interrupted iterations
default   [  23% ] 1 VUs  0m27.5s/2m0s

running (0m29.0s), 1/1 VUs, 5 complete and 0 interrupted iterations
default   [  24% ] 1 VUs  0m28.5s/2m0s

running (0m30.0s), 1/1 VUs, 6 complete and 0 interrupted iterations
default   [  25% ] 1 VUs  0m29.5s/2m0s

running (0m31.0s), 1/1 VUs, 6 complete and 0 interrupted iterations
default   [  25% ] 1 VUs  0m30.5s/2m0s

running (0m32.0s), 1/1 VUs, 6 complete and 0 interrupted iterations
default   [  26% ] 1 VUs  0m31.5s/2m0s

running (0m33.0s), 1/1 VUs, 6 complete and 0 interrupted iterations
default   [  27% ] 1 VUs  0m32.5s/2m0s

running (0m34.0s), 1/1 VUs, 6 complete and 0 interrupted iterations
default   [  28% ] 1 VUs  0m33.5s/2m0s

running (0m35.0s), 1/1 VUs, 6 complete and 0 interrupted iterations
default   [  29% ] 1 VUs  0m34.5s/2m0s

running (0m36.0s), 1/1 VUs, 7 complete and 0 interrupted iterations
default   [  30% ] 1 VUs  0m35.5s/2m0s

running (0m37.0s), 1/1 VUs, 7 complete and 0 interrupted iterations
default   [  30% ] 1 VUs  0m36.5s/2m0s

running (0m38.0s), 1/1 VUs, 7 complete and 0 interrupted iterations
default   [  31% ] 1 VUs  0m37.5s/2m0s

running (0m39.0s), 1/1 VUs, 7 complete and 0 interrupted iterations
default   [  32% ] 1 VUs  0m38.5s/2m0s

running (0m40.0s), 1/1 VUs, 8 complete and 0 interrupted iterations
default   [  33% ] 1 VUs  0m39.5s/2m0s

running (0m41.0s), 1/1 VUs, 8 complete and 0 interrupted iterations
default   [  34% ] 1 VUs  0m40.5s/2m0s

running (0m42.0s), 1/1 VUs, 8 complete and 0 interrupted iterations
default   [  35% ] 1 VUs  0m41.5s/2m0s

running (0m43.0s), 1/1 VUs, 8 complete and 0 interrupted iterations
default   [  35% ] 1 VUs  0m42.5s/2m0s

running (0m44.0s), 1/1 VUs, 8 complete and 0 interrupted iterations
default   [  36% ] 1 VUs  0m43.5s/2m0s

running (0m45.0s), 1/1 VUs, 8 complete and 0 interrupted iterations
default   [  37% ] 1 VUs  0m44.5s/2m0s

running (0m46.0s), 1/1 VUs, 9 complete and 0 interrupted iterations
default   [  38% ] 1 VUs  0m45.5s/2m0s

running (0m47.0s), 1/1 VUs, 9 complete and 0 interrupted iterations
default   [  39% ] 1 VUs  0m46.5s/2m0s

running (0m48.0s), 1/1 VUs, 9 complete and 0 interrupted iterations
default   [  40% ] 1 VUs  0m47.5s/2m0s

running (0m49.0s), 1/1 VUs, 10 complete and 0 interrupted iterations
default   [  40% ] 1 VUs  0m48.5s/2m0s

running (0m50.0s), 1/1 VUs, 10 complete and 0 interrupted iterations
default   [  41% ] 1 VUs  0m49.5s/2m0s

running (0m51.0s), 1/1 VUs, 10 complete and 0 interrupted iterations
default   [  42% ] 1 VUs  0m50.5s/2m0s

running (0m52.0s), 1/1 VUs, 10 complete and 0 interrupted iterations
default   [  43% ] 1 VUs  0m51.5s/2m0s

running (0m53.0s), 1/1 VUs, 11 complete and 0 interrupted iterations
default   [  44% ] 1 VUs  0m52.5s/2m0s

running (0m54.0s), 1/1 VUs, 11 complete and 0 interrupted iterations
default   [  45% ] 1 VUs  0m53.5s/2m0s

running (0m55.0s), 1/1 VUs, 12 complete and 0 interrupted iterations
default   [  45% ] 1 VUs  0m54.5s/2m0s

running (0m56.0s), 1/1 VUs, 12 complete and 0 interrupted iterations
default   [  46% ] 1 VUs  0m55.5s/2m0s

running (0m57.0s), 1/1 VUs, 13 complete and 0 interrupted iterations
default   [  47% ] 1 VUs  0m56.5s/2m0s

running (0m58.0s), 1/1 VUs, 13 complete and 0 interrupted iterations
default   [  48% ] 1 VUs  0m57.5s/2m0s

running (0m59.0s), 1/1 VUs, 13 complete and 0 interrupted iterations
default   [  49% ] 1 VUs  0m58.5s/2m0s

running (1m00.0s), 1/1 VUs, 13 complete and 0 interrupted iterations
default   [  50% ] 1 VUs  0m59.5s/2m0s

running (1m01.0s), 1/1 VUs, 13 complete and 0 interrupted iterations
default   [  50% ] 1 VUs  1m00.5s/2m0s

running (1m02.0s), 1/1 VUs, 13 complete and 0 interrupted iterations
default   [  51% ] 1 VUs  1m01.5s/2m0s

running (1m03.0s), 1/1 VUs, 14 complete and 0 interrupted iterations
default   [  52% ] 1 VUs  1m02.5s/2m0s

running (1m04.0s), 1/1 VUs, 15 complete and 0 interrupted iterations
default   [  53% ] 1 VUs  1m03.5s/2m0s

running (1m05.0s), 1/1 VUs, 15 complete and 0 interrupted iterations
default   [  54% ] 1 VUs  1m04.5s/2m0s

running (1m06.0s), 1/1 VUs, 15 complete and 0 interrupted iterations
default   [  55% ] 1 VUs  1m05.5s/2m0s

running (1m07.0s), 1/1 VUs, 15 complete and 0 interrupted iterations
default   [  55% ] 1 VUs  1m06.5s/2m0s

running (1m08.0s), 1/1 VUs, 15 complete and 0 interrupted iterations
default   [  56% ] 1 VUs  1m07.5s/2m0s

running (1m09.0s), 1/1 VUs, 16 complete and 0 interrupted iterations
default   [  57% ] 1 VUs  1m08.5s/2m0s

running (1m10.0s), 1/1 VUs, 16 complete and 0 interrupted iterations
default   [  58% ] 1 VUs  1m09.5s/2m0s

running (1m11.0s), 1/1 VUs, 16 complete and 0 interrupted iterations
default   [  59% ] 1 VUs  1m10.5s/2m0s

running (1m12.0s), 1/1 VUs, 16 complete and 0 interrupted iterations
default   [  60% ] 1 VUs  1m11.5s/2m0s

running (1m13.0s), 1/1 VUs, 17 complete and 0 interrupted iterations
default   [  60% ] 1 VUs  1m12.5s/2m0s

running (1m14.0s), 1/1 VUs, 17 complete and 0 interrupted iterations
default   [  61% ] 1 VUs  1m13.5s/2m0s

running (1m15.0s), 1/1 VUs, 17 complete and 0 interrupted iterations
default   [  62% ] 1 VUs  1m14.5s/2m0s

running (1m16.0s), 1/1 VUs, 17 complete and 0 interrupted iterations
default   [  63% ] 1 VUs  1m15.5s/2m0s

running (1m17.0s), 1/1 VUs, 17 complete and 0 interrupted iterations
default   [  64% ] 1 VUs  1m16.5s/2m0s

running (1m18.0s), 1/1 VUs, 18 complete and 0 interrupted iterations
default   [  65% ] 1 VUs  1m17.5s/2m0s

running (1m19.0s), 1/1 VUs, 18 complete and 0 interrupted iterations
default   [  65% ] 1 VUs  1m18.5s/2m0s

running (1m20.0s), 1/1 VUs, 19 complete and 0 interrupted iterations
default   [  66% ] 1 VUs  1m19.5s/2m0s

running (1m21.0s), 1/1 VUs, 19 complete and 0 interrupted iterations
default   [  67% ] 1 VUs  1m20.5s/2m0s

running (1m22.0s), 1/1 VUs, 20 complete and 0 interrupted iterations
default   [  68% ] 1 VUs  1m21.5s/2m0s

running (1m23.0s), 1/1 VUs, 20 complete and 0 interrupted iterations
default   [  69% ] 1 VUs  1m22.5s/2m0s

running (1m24.0s), 1/1 VUs, 20 complete and 0 interrupted iterations
default   [  70% ] 1 VUs  1m23.5s/2m0s

running (1m25.0s), 1/1 VUs, 20 complete and 0 interrupted iterations
default   [  70% ] 1 VUs  1m24.5s/2m0s

running (1m26.0s), 1/1 VUs, 21 complete and 0 interrupted iterations
default   [  71% ] 1 VUs  1m25.5s/2m0s

running (1m27.0s), 1/1 VUs, 22 complete and 0 interrupted iterations
default   [  72% ] 1 VUs  1m26.5s/2m0s

running (1m28.0s), 1/1 VUs, 22 complete and 0 interrupted iterations
default   [  73% ] 1 VUs  1m27.5s/2m0s

running (1m29.0s), 1/1 VUs, 22 complete and 0 interrupted iterations
default   [  74% ] 1 VUs  1m28.5s/2m0s

running (1m30.0s), 1/1 VUs, 22 complete and 0 interrupted iterations
default   [  75% ] 1 VUs  1m29.5s/2m0s

running (1m31.0s), 1/1 VUs, 22 complete and 0 interrupted iterations
default   [  75% ] 1 VUs  1m30.5s/2m0s

running (1m32.0s), 1/1 VUs, 23 complete and 0 interrupted iterations
default   [  76% ] 1 VUs  1m31.5s/2m0s

running (1m33.0s), 1/1 VUs, 23 complete and 0 interrupted iterations
default   [  77% ] 1 VUs  1m32.5s/2m0s

running (1m34.0s), 1/1 VUs, 23 complete and 0 interrupted iterations
default   [  78% ] 1 VUs  1m33.5s/2m0s

running (1m35.0s), 1/1 VUs, 23 complete and 0 interrupted iterations
default   [  79% ] 1 VUs  1m34.5s/2m0s

running (1m36.0s), 1/1 VUs, 24 complete and 0 interrupted iterations
default   [  80% ] 1 VUs  1m35.5s/2m0s

running (1m37.0s), 1/1 VUs, 24 complete and 0 interrupted iterations
default   [  80% ] 1 VUs  1m36.5s/2m0s

running (1m38.0s), 1/1 VUs, 25 complete and 0 interrupted iterations
default   [  81% ] 1 VUs  1m37.5s/2m0s

running (1m39.0s), 1/1 VUs, 25 complete and 0 interrupted iterations
default   [  82% ] 1 VUs  1m38.5s/2m0s

running (1m40.0s), 1/1 VUs, 25 complete and 0 interrupted iterations
default   [  83% ] 1 VUs  1m39.5s/2m0s

running (1m41.0s), 1/1 VUs, 25 complete and 0 interrupted iterations
default   [  84% ] 1 VUs  1m40.5s/2m0s

running (1m42.0s), 1/1 VUs, 26 complete and 0 interrupted iterations
default   [  85% ] 1 VUs  1m41.5s/2m0s

running (1m43.0s), 1/1 VUs, 26 complete and 0 interrupted iterations
default   [  85% ] 1 VUs  1m42.5s/2m0s

running (1m44.0s), 1/1 VUs, 26 complete and 0 interrupted iterations
default   [  86% ] 1 VUs  1m43.5s/2m0s

running (1m45.0s), 1/1 VUs, 27 complete and 0 interrupted iterations
default   [  87% ] 1 VUs  1m44.5s/2m0s

running (1m46.0s), 1/1 VUs, 27 complete and 0 interrupted iterations
default   [  88% ] 1 VUs  1m45.5s/2m0s

running (1m47.0s), 1/1 VUs, 27 complete and 0 interrupted iterations
default   [  89% ] 1 VUs  1m46.5s/2m0s

running (1m48.0s), 1/1 VUs, 28 complete and 0 interrupted iterations
default   [  90% ] 1 VUs  1m47.5s/2m0s

running (1m49.0s), 1/1 VUs, 28 complete and 0 interrupted iterations
default   [  90% ] 1 VUs  1m48.5s/2m0s

running (1m50.0s), 1/1 VUs, 29 complete and 0 interrupted iterations
default   [  91% ] 1 VUs  1m49.5s/2m0s

running (1m51.0s), 1/1 VUs, 29 complete and 0 interrupted iterations
default   [  92% ] 1 VUs  1m50.5s/2m0s

running (1m52.0s), 1/1 VUs, 30 complete and 0 interrupted iterations
default   [  93% ] 1 VUs  1m51.5s/2m0s

running (1m53.0s), 1/1 VUs, 31 complete and 0 interrupted iterations
default   [  94% ] 1 VUs  1m52.5s/2m0s

running (1m54.0s), 1/1 VUs, 32 complete and 0 interrupted iterations
default   [  95% ] 1 VUs  1m53.5s/2m0s

running (1m55.0s), 1/1 VUs, 32 complete and 0 interrupted iterations
default   [  95% ] 1 VUs  1m54.5s/2m0s

running (1m56.0s), 1/1 VUs, 33 complete and 0 interrupted iterations
default   [  96% ] 1 VUs  1m55.5s/2m0s

running (1m57.0s), 1/1 VUs, 33 complete and 0 interrupted iterations
default   [  97% ] 1 VUs  1m56.5s/2m0s

running (1m58.0s), 1/1 VUs, 34 complete and 0 interrupted iterations
default   [  98% ] 1 VUs  1m57.5s/2m0s

running (1m59.0s), 1/1 VUs, 34 complete and 0 interrupted iterations
default   [  99% ] 1 VUs  1m58.5s/2m0s

running (2m00.0s), 1/1 VUs, 34 complete and 0 interrupted iterations
default   [ 100% ] 1 VUs  1m59.5s/2m0s

running (2m01.0s), 1/1 VUs, 34 complete and 0 interrupted iterations
default ↓ [ 100% ] 1 VUs  2m0s

running (2m02.0s), 1/1 VUs, 34 complete and 0 interrupted iterations
default ↓ [ 100% ] 1 VUs  2m0s
time="2026-03-02T10:46:06+01:00" level=info msg="\n========================================" source=console
time="2026-03-02T10:46:06+01:00" level=info msg="Load test completed" source=console
time="2026-03-02T10:46:06+01:00" level=info msg="Target: https://lemonade-stand-lemonade-stand-assistant.apps.cluster-8zrnr.8zrnr.sandbox203.opentlc.com" source=console
time="2026-03-02T10:46:06+01:00" level=info msg="Scenario: load" source=console
time="2026-03-02T10:46:06+01:00" level=info msg="========================================\n" source=console


  █ THRESHOLDS 

    http_req_duration
    ✓ 'p(95)<60000' p(95)=5.72s

    sse_error_rate
    ✓ 'rate<0.20' rate=0.00%

    sse_success_rate
    ✓ 'rate>0.80' rate=100.00%

    sse_total_time_ms
    ✓ 'p(95)<60000' p(95)=5.72s

    sse_ttfb_ms
    ✓ 'p(50)<5000' p(50)=179ms
    ✓ 'p(95)<15000' p(95)=545.24ms


  █ TOTAL RESULTS 

    checks_total.......: 154    1.253649/s
    checks_succeeded...: 97.40% 150 out of 154
    checks_failed......: 2.59%  4 out of 154

    ✓ status is 200
    ✓ received SSE data
    ✓ got response content
    ✓ stream completed
    ✗ safe prompt got content
      ↳  71% — ✓ 10 / ✗ 4

    CUSTOM
    sse_blocked_rate...............: 60.00%  21 out of 35
    sse_chunks_count...............: avg=5.8      min=0        med=0        max=55    p(90)=16       p(95)=18      
    sse_content_length.............: avg=225      min=0        med=0        max=930   p(90)=716.6    p(95)=864.5   
    sse_error_rate.................: 0.00%   0 out of 35
    sse_requests_total.............: 35      0.28492/s
    sse_success_rate...............: 100.00% 35 out of 35
    sse_total_time_ms..............: avg=1.6s     min=121ms    med=202ms    max=6.26s p(90)=4.45s    p(95)=5.72s   
    sse_ttfb_ms....................: avg=252.25ms min=103.89ms med=179ms    max=821ms p(90)=442.88ms p(95)=545.24ms

    HTTP
    http_req_duration..............: avg=1.55s    min=119.57ms med=192.86ms max=6.26s p(90)=4.43s    p(95)=5.72s   
      { expected_response:true }...: avg=1.55s    min=119.57ms med=192.86ms max=6.26s p(90)=4.43s    p(95)=5.72s   
    http_req_failed................: 0.00%   0 out of 36
    http_reqs......................: 36      0.293061/s

    EXECUTION
    iteration_duration.............: avg=3.49s    min=1.14s    med=2.9s     max=8.38s p(90)=6.17s    p(95)=7.01s   
    iterations.....................: 35      0.28492/s
    vus............................: 1       min=1        max=1
    vus_max........................: 1       min=1        max=1

    NETWORK
    data_received..................: 45 kB   364 B/s
    data_sent......................: 14 kB   113 B/s




running (2m02.8s), 0/1 VUs, 35 complete and 0 interrupted iterations
default ✓ [ 100% ] 1 VUs  2m0s
