time="2026-03-02T10:50:13+01:00" level=warning msg="\"cli\" level configuration overrode scenarios configuration entirely"

         /\      Grafana   /‾‾/  
    /\  /  \     |\  __   /  /   
   /  \/    \    | |/ /  /   ‾‾\ 
  /          \   |   (  |  (‾)  |
 / __________ \  |_|\_\  \_____/ 


     execution: local
        script: /Users/agiertli/Documents/work/lemonade-stand-assistant/scripts/k6-load-test.js
        output: json (/Users/agiertli/Documents/work/lemonade-stand-assistant/scripts/../benchmark-results/20260302_104403_10-users.json)

     scenarios: (100.00%) 1 scenario, 10 max VUs, 3m30s max duration (incl. graceful stop):
              * default: 10 looping VUs for 3m0s (gracefulStop: 30s)

time="2026-03-02T10:50:13+01:00" level=info msg="\n========================================" source=console
time="2026-03-02T10:50:13+01:00" level=info msg="k6 Load Test - Lemonade Stand API" source=console
time="2026-03-02T10:50:13+01:00" level=info msg="Target: https://lemonade-stand-lemonade-stand-assistant.apps.cluster-8zrnr.8zrnr.sandbox203.opentlc.com" source=console
time="2026-03-02T10:50:13+01:00" level=info msg="Scenario: load" source=console
time="2026-03-02T10:50:13+01:00" level=info msg="Mode: STRESS TEST (1-3s think time)" source=console
time="2026-03-02T10:50:13+01:00" level=info msg="========================================\n" source=console
time="2026-03-02T10:50:14+01:00" level=info msg="Service is healthy, starting load test...\n" source=console

running (0m01.0s), 10/10 VUs, 0 complete and 0 interrupted iterations
default   [   0% ] 10 VUs  0m00.5s/3m0s

running (0m02.0s), 10/10 VUs, 0 complete and 0 interrupted iterations
default   [   1% ] 10 VUs  0m01.5s/3m0s

running (0m03.0s), 10/10 VUs, 5 complete and 0 interrupted iterations
default   [   1% ] 10 VUs  0m02.5s/3m0s

running (0m04.0s), 10/10 VUs, 8 complete and 0 interrupted iterations
default   [   2% ] 10 VUs  0m03.5s/3m0s

running (0m05.0s), 10/10 VUs, 9 complete and 0 interrupted iterations
default   [   3% ] 10 VUs  0m04.5s/3m0s

running (0m06.0s), 10/10 VUs, 13 complete and 0 interrupted iterations
default   [   3% ] 10 VUs  0m05.5s/3m0s

running (0m07.0s), 10/10 VUs, 14 complete and 0 interrupted iterations
default   [   4% ] 10 VUs  0m06.5s/3m0s

running (0m08.0s), 10/10 VUs, 18 complete and 0 interrupted iterations
default   [   4% ] 10 VUs  0m07.5s/3m0s

running (0m09.0s), 10/10 VUs, 20 complete and 0 interrupted iterations
default   [   5% ] 10 VUs  0m08.5s/3m0s

running (0m10.0s), 10/10 VUs, 21 complete and 0 interrupted iterations
default   [   5% ] 10 VUs  0m09.5s/3m0s

running (0m11.0s), 10/10 VUs, 23 complete and 0 interrupted iterations
default   [   6% ] 10 VUs  0m10.5s/3m0s

running (0m12.0s), 10/10 VUs, 27 complete and 0 interrupted iterations
default   [   6% ] 10 VUs  0m11.5s/3m0s

running (0m13.0s), 10/10 VUs, 29 complete and 0 interrupted iterations
default   [   7% ] 10 VUs  0m12.5s/3m0s

running (0m14.0s), 10/10 VUs, 33 complete and 0 interrupted iterations
default   [   8% ] 10 VUs  0m13.5s/3m0s

running (0m15.0s), 10/10 VUs, 34 complete and 0 interrupted iterations
default   [   8% ] 10 VUs  0m14.5s/3m0s

running (0m16.0s), 10/10 VUs, 36 complete and 0 interrupted iterations
default   [   9% ] 10 VUs  0m15.5s/3m0s

running (0m17.0s), 10/10 VUs, 39 complete and 0 interrupted iterations
default   [   9% ] 10 VUs  0m16.5s/3m0s

running (0m18.0s), 10/10 VUs, 41 complete and 0 interrupted iterations
default   [  10% ] 10 VUs  0m17.5s/3m0s

running (0m19.0s), 10/10 VUs, 45 complete and 0 interrupted iterations
default   [  10% ] 10 VUs  0m18.5s/3m0s

running (0m20.0s), 10/10 VUs, 50 complete and 0 interrupted iterations
default   [  11% ] 10 VUs  0m19.5s/3m0s

running (0m21.0s), 10/10 VUs, 51 complete and 0 interrupted iterations
default   [  11% ] 10 VUs  0m20.5s/3m0s

running (0m22.0s), 10/10 VUs, 54 complete and 0 interrupted iterations
default   [  12% ] 10 VUs  0m21.5s/3m0s

running (0m23.0s), 10/10 VUs, 56 complete and 0 interrupted iterations
default   [  13% ] 10 VUs  0m22.5s/3m0s

running (0m24.0s), 10/10 VUs, 61 complete and 0 interrupted iterations
default   [  13% ] 10 VUs  0m23.5s/3m0s

running (0m25.0s), 10/10 VUs, 63 complete and 0 interrupted iterations
default   [  14% ] 10 VUs  0m24.5s/3m0s

running (0m26.0s), 10/10 VUs, 69 complete and 0 interrupted iterations
default   [  14% ] 10 VUs  0m25.5s/3m0s

running (0m27.0s), 10/10 VUs, 72 complete and 0 interrupted iterations
default   [  15% ] 10 VUs  0m26.5s/3m0s

running (0m28.0s), 10/10 VUs, 74 complete and 0 interrupted iterations
default   [  15% ] 10 VUs  0m27.5s/3m0s

running (0m29.0s), 10/10 VUs, 77 complete and 0 interrupted iterations
default   [  16% ] 10 VUs  0m28.5s/3m0s

running (0m30.0s), 10/10 VUs, 82 complete and 0 interrupted iterations
default   [  16% ] 10 VUs  0m29.5s/3m0s

running (0m31.0s), 10/10 VUs, 83 complete and 0 interrupted iterations
default   [  17% ] 10 VUs  0m30.5s/3m0s

running (0m32.0s), 10/10 VUs, 86 complete and 0 interrupted iterations
default   [  18% ] 10 VUs  0m31.5s/3m0s

running (0m33.0s), 10/10 VUs, 91 complete and 0 interrupted iterations
default   [  18% ] 10 VUs  0m32.5s/3m0s

running (0m34.0s), 10/10 VUs, 94 complete and 0 interrupted iterations
default   [  19% ] 10 VUs  0m33.5s/3m0s

running (0m35.0s), 10/10 VUs, 95 complete and 0 interrupted iterations
default   [  19% ] 10 VUs  0m34.5s/3m0s

running (0m36.0s), 10/10 VUs, 100 complete and 0 interrupted iterations
default   [  20% ] 10 VUs  0m35.5s/3m0s

running (0m37.0s), 10/10 VUs, 103 complete and 0 interrupted iterations
default   [  20% ] 10 VUs  0m36.5s/3m0s

running (0m38.0s), 10/10 VUs, 107 complete and 0 interrupted iterations
default   [  21% ] 10 VUs  0m37.5s/3m0s

running (0m39.0s), 10/10 VUs, 110 complete and 0 interrupted iterations
default   [  21% ] 10 VUs  0m38.5s/3m0s

running (0m40.0s), 10/10 VUs, 113 complete and 0 interrupted iterations
default   [  22% ] 10 VUs  0m39.5s/3m0s

running (0m41.0s), 10/10 VUs, 115 complete and 0 interrupted iterations
default   [  23% ] 10 VUs  0m40.5s/3m0s

running (0m42.0s), 10/10 VUs, 119 complete and 0 interrupted iterations
default   [  23% ] 10 VUs  0m41.5s/3m0s

running (0m43.0s), 10/10 VUs, 123 complete and 0 interrupted iterations
default   [  24% ] 10 VUs  0m42.5s/3m0s

running (0m44.0s), 10/10 VUs, 126 complete and 0 interrupted iterations
default   [  24% ] 10 VUs  0m43.5s/3m0s

running (0m45.0s), 10/10 VUs, 128 complete and 0 interrupted iterations
default   [  25% ] 10 VUs  0m44.5s/3m0s

running (0m46.0s), 10/10 VUs, 130 complete and 0 interrupted iterations
default   [  25% ] 10 VUs  0m45.5s/3m0s

running (0m47.0s), 10/10 VUs, 133 complete and 0 interrupted iterations
default   [  26% ] 10 VUs  0m46.5s/3m0s

running (0m48.0s), 10/10 VUs, 137 complete and 0 interrupted iterations
default   [  26% ] 10 VUs  0m47.5s/3m0s

running (0m49.0s), 10/10 VUs, 142 complete and 0 interrupted iterations
default   [  27% ] 10 VUs  0m48.5s/3m0s

running (0m50.0s), 10/10 VUs, 146 complete and 0 interrupted iterations
default   [  28% ] 10 VUs  0m49.5s/3m0s

running (0m51.0s), 10/10 VUs, 147 complete and 0 interrupted iterations
default   [  28% ] 10 VUs  0m50.5s/3m0s

running (0m52.0s), 10/10 VUs, 150 complete and 0 interrupted iterations
default   [  29% ] 10 VUs  0m51.5s/3m0s

running (0m53.0s), 10/10 VUs, 154 complete and 0 interrupted iterations
default   [  29% ] 10 VUs  0m52.5s/3m0s

running (0m54.0s), 10/10 VUs, 156 complete and 0 interrupted iterations
default   [  30% ] 10 VUs  0m53.5s/3m0s

running (0m55.0s), 10/10 VUs, 160 complete and 0 interrupted iterations
default   [  30% ] 10 VUs  0m54.5s/3m0s

running (0m56.0s), 10/10 VUs, 162 complete and 0 interrupted iterations
default   [  31% ] 10 VUs  0m55.5s/3m0s

running (0m57.0s), 10/10 VUs, 166 complete and 0 interrupted iterations
default   [  31% ] 10 VUs  0m56.5s/3m0s

running (0m58.0s), 10/10 VUs, 170 complete and 0 interrupted iterations
default   [  32% ] 10 VUs  0m57.5s/3m0s

running (0m59.0s), 10/10 VUs, 172 complete and 0 interrupted iterations
default   [  33% ] 10 VUs  0m58.5s/3m0s

running (1m00.0s), 10/10 VUs, 177 complete and 0 interrupted iterations
default   [  33% ] 10 VUs  0m59.5s/3m0s

running (1m01.0s), 10/10 VUs, 179 complete and 0 interrupted iterations
default   [  34% ] 10 VUs  1m00.5s/3m0s

running (1m02.0s), 10/10 VUs, 184 complete and 0 interrupted iterations
default   [  34% ] 10 VUs  1m01.5s/3m0s

running (1m03.0s), 10/10 VUs, 186 complete and 0 interrupted iterations
default   [  35% ] 10 VUs  1m02.5s/3m0s

running (1m04.0s), 10/10 VUs, 190 complete and 0 interrupted iterations
default   [  35% ] 10 VUs  1m03.5s/3m0s

running (1m05.0s), 10/10 VUs, 192 complete and 0 interrupted iterations
default   [  36% ] 10 VUs  1m04.5s/3m0s

running (1m06.0s), 10/10 VUs, 196 complete and 0 interrupted iterations
default   [  36% ] 10 VUs  1m05.5s/3m0s

running (1m07.0s), 10/10 VUs, 198 complete and 0 interrupted iterations
default   [  37% ] 10 VUs  1m06.5s/3m0s

running (1m08.0s), 10/10 VUs, 201 complete and 0 interrupted iterations
default   [  38% ] 10 VUs  1m07.5s/3m0s

running (1m09.0s), 10/10 VUs, 204 complete and 0 interrupted iterations
default   [  38% ] 10 VUs  1m08.5s/3m0s

running (1m10.0s), 10/10 VUs, 209 complete and 0 interrupted iterations
default   [  39% ] 10 VUs  1m09.5s/3m0s

running (1m11.0s), 10/10 VUs, 213 complete and 0 interrupted iterations
default   [  39% ] 10 VUs  1m10.5s/3m0s

running (1m12.0s), 10/10 VUs, 216 complete and 0 interrupted iterations
default   [  40% ] 10 VUs  1m11.5s/3m0s

running (1m13.0s), 10/10 VUs, 218 complete and 0 interrupted iterations
default   [  40% ] 10 VUs  1m12.5s/3m0s

running (1m14.0s), 10/10 VUs, 221 complete and 0 interrupted iterations
default   [  41% ] 10 VUs  1m13.5s/3m0s

running (1m15.0s), 10/10 VUs, 226 complete and 0 interrupted iterations
default   [  41% ] 10 VUs  1m14.5s/3m0s

running (1m16.0s), 10/10 VUs, 230 complete and 0 interrupted iterations
default   [  42% ] 10 VUs  1m15.5s/3m0s

running (1m17.0s), 10/10 VUs, 231 complete and 0 interrupted iterations
default   [  43% ] 10 VUs  1m16.5s/3m0s

running (1m18.0s), 10/10 VUs, 233 complete and 0 interrupted iterations
default   [  43% ] 10 VUs  1m17.5s/3m0s

running (1m19.0s), 10/10 VUs, 236 complete and 0 interrupted iterations
default   [  44% ] 10 VUs  1m18.5s/3m0s

running (1m20.0s), 10/10 VUs, 240 complete and 0 interrupted iterations
default   [  44% ] 10 VUs  1m19.5s/3m0s

running (1m21.0s), 10/10 VUs, 243 complete and 0 interrupted iterations
default   [  45% ] 10 VUs  1m20.5s/3m0s

running (1m22.0s), 10/10 VUs, 247 complete and 0 interrupted iterations
default   [  45% ] 10 VUs  1m21.5s/3m0s

running (1m23.0s), 10/10 VUs, 250 complete and 0 interrupted iterations
default   [  46% ] 10 VUs  1m22.5s/3m0s

running (1m24.0s), 10/10 VUs, 251 complete and 0 interrupted iterations
default   [  46% ] 10 VUs  1m23.5s/3m0s

running (1m25.0s), 10/10 VUs, 254 complete and 0 interrupted iterations
default   [  47% ] 10 VUs  1m24.5s/3m0s

running (1m26.0s), 10/10 VUs, 258 complete and 0 interrupted iterations
default   [  48% ] 10 VUs  1m25.5s/3m0s

running (1m27.0s), 10/10 VUs, 261 complete and 0 interrupted iterations
default   [  48% ] 10 VUs  1m26.5s/3m0s

running (1m28.0s), 10/10 VUs, 262 complete and 0 interrupted iterations
default   [  49% ] 10 VUs  1m27.5s/3m0s

running (1m29.0s), 10/10 VUs, 268 complete and 0 interrupted iterations
default   [  49% ] 10 VUs  1m28.5s/3m0s

running (1m30.0s), 10/10 VUs, 271 complete and 0 interrupted iterations
default   [  50% ] 10 VUs  1m29.5s/3m0s

running (1m31.0s), 10/10 VUs, 274 complete and 0 interrupted iterations
default   [  50% ] 10 VUs  1m30.5s/3m0s

running (1m32.0s), 10/10 VUs, 279 complete and 0 interrupted iterations
default   [  51% ] 10 VUs  1m31.5s/3m0s

running (1m33.0s), 10/10 VUs, 281 complete and 0 interrupted iterations
default   [  51% ] 10 VUs  1m32.5s/3m0s

running (1m34.0s), 10/10 VUs, 284 complete and 0 interrupted iterations
default   [  52% ] 10 VUs  1m33.5s/3m0s

running (1m35.0s), 10/10 VUs, 287 complete and 0 interrupted iterations
default   [  53% ] 10 VUs  1m34.5s/3m0s

running (1m36.0s), 10/10 VUs, 292 complete and 0 interrupted iterations
default   [  53% ] 10 VUs  1m35.5s/3m0s

running (1m37.0s), 10/10 VUs, 294 complete and 0 interrupted iterations
default   [  54% ] 10 VUs  1m36.5s/3m0s

running (1m38.0s), 10/10 VUs, 299 complete and 0 interrupted iterations
default   [  54% ] 10 VUs  1m37.5s/3m0s

running (1m39.0s), 10/10 VUs, 300 complete and 0 interrupted iterations
default   [  55% ] 10 VUs  1m38.5s/3m0s

running (1m40.0s), 10/10 VUs, 306 complete and 0 interrupted iterations
default   [  55% ] 10 VUs  1m39.5s/3m0s

running (1m41.0s), 10/10 VUs, 311 complete and 0 interrupted iterations
default   [  56% ] 10 VUs  1m40.5s/3m0s

running (1m42.0s), 10/10 VUs, 313 complete and 0 interrupted iterations
default   [  56% ] 10 VUs  1m41.5s/3m0s

running (1m43.0s), 10/10 VUs, 315 complete and 0 interrupted iterations
default   [  57% ] 10 VUs  1m42.5s/3m0s

running (1m44.0s), 10/10 VUs, 319 complete and 0 interrupted iterations
default   [  58% ] 10 VUs  1m43.5s/3m0s

running (1m45.0s), 10/10 VUs, 320 complete and 0 interrupted iterations
default   [  58% ] 10 VUs  1m44.5s/3m0s

running (1m46.0s), 10/10 VUs, 325 complete and 0 interrupted iterations
default   [  59% ] 10 VUs  1m45.5s/3m0s

running (1m47.0s), 10/10 VUs, 330 complete and 0 interrupted iterations
default   [  59% ] 10 VUs  1m46.5s/3m0s

running (1m48.0s), 10/10 VUs, 332 complete and 0 interrupted iterations
default   [  60% ] 10 VUs  1m47.5s/3m0s

running (1m49.0s), 10/10 VUs, 337 complete and 0 interrupted iterations
default   [  60% ] 10 VUs  1m48.5s/3m0s

running (1m50.0s), 10/10 VUs, 343 complete and 0 interrupted iterations
default   [  61% ] 10 VUs  1m49.5s/3m0s

running (1m51.0s), 10/10 VUs, 345 complete and 0 interrupted iterations
default   [  61% ] 10 VUs  1m50.5s/3m0s

running (1m52.0s), 10/10 VUs, 349 complete and 0 interrupted iterations
default   [  62% ] 10 VUs  1m51.5s/3m0s

running (1m53.0s), 10/10 VUs, 351 complete and 0 interrupted iterations
default   [  63% ] 10 VUs  1m52.5s/3m0s

running (1m54.0s), 10/10 VUs, 354 complete and 0 interrupted iterations
default   [  63% ] 10 VUs  1m53.5s/3m0s

running (1m55.0s), 10/10 VUs, 356 complete and 0 interrupted iterations
default   [  64% ] 10 VUs  1m54.5s/3m0s

running (1m56.0s), 10/10 VUs, 356 complete and 0 interrupted iterations
default   [  64% ] 10 VUs  1m55.5s/3m0s

running (1m57.0s), 10/10 VUs, 360 complete and 0 interrupted iterations
default   [  65% ] 10 VUs  1m56.5s/3m0s

running (1m58.0s), 10/10 VUs, 364 complete and 0 interrupted iterations
default   [  65% ] 10 VUs  1m57.5s/3m0s

running (1m59.0s), 10/10 VUs, 365 complete and 0 interrupted iterations
default   [  66% ] 10 VUs  1m58.5s/3m0s

running (2m00.0s), 10/10 VUs, 368 complete and 0 interrupted iterations
default   [  66% ] 10 VUs  1m59.5s/3m0s

running (2m01.0s), 10/10 VUs, 370 complete and 0 interrupted iterations
default   [  67% ] 10 VUs  2m00.5s/3m0s

running (2m02.0s), 10/10 VUs, 373 complete and 0 interrupted iterations
default   [  68% ] 10 VUs  2m01.5s/3m0s

running (2m03.0s), 10/10 VUs, 375 complete and 0 interrupted iterations
default   [  68% ] 10 VUs  2m02.5s/3m0s

running (2m04.0s), 10/10 VUs, 377 complete and 0 interrupted iterations
default   [  69% ] 10 VUs  2m03.5s/3m0s

running (2m05.0s), 10/10 VUs, 380 complete and 0 interrupted iterations
default   [  69% ] 10 VUs  2m04.5s/3m0s

running (2m06.0s), 10/10 VUs, 381 complete and 0 interrupted iterations
default   [  70% ] 10 VUs  2m05.5s/3m0s

running (2m07.0s), 10/10 VUs, 386 complete and 0 interrupted iterations
default   [  70% ] 10 VUs  2m06.5s/3m0s

running (2m08.0s), 10/10 VUs, 389 complete and 0 interrupted iterations
default   [  71% ] 10 VUs  2m07.5s/3m0s

running (2m09.0s), 10/10 VUs, 393 complete and 0 interrupted iterations
default   [  71% ] 10 VUs  2m08.5s/3m0s

running (2m10.0s), 10/10 VUs, 396 complete and 0 interrupted iterations
default   [  72% ] 10 VUs  2m09.5s/3m0s

running (2m11.0s), 10/10 VUs, 399 complete and 0 interrupted iterations
default   [  73% ] 10 VUs  2m10.5s/3m0s

running (2m12.0s), 10/10 VUs, 404 complete and 0 interrupted iterations
default   [  73% ] 10 VUs  2m11.5s/3m0s

running (2m13.0s), 10/10 VUs, 406 complete and 0 interrupted iterations
default   [  74% ] 10 VUs  2m12.5s/3m0s

running (2m14.0s), 10/10 VUs, 410 complete and 0 interrupted iterations
default   [  74% ] 10 VUs  2m13.5s/3m0s

running (2m15.0s), 10/10 VUs, 413 complete and 0 interrupted iterations
default   [  75% ] 10 VUs  2m14.5s/3m0s

running (2m16.0s), 10/10 VUs, 414 complete and 0 interrupted iterations
default   [  75% ] 10 VUs  2m15.5s/3m0s

running (2m17.0s), 10/10 VUs, 415 complete and 0 interrupted iterations
default   [  76% ] 10 VUs  2m16.5s/3m0s

running (2m18.0s), 10/10 VUs, 418 complete and 0 interrupted iterations
default   [  76% ] 10 VUs  2m17.5s/3m0s

running (2m19.0s), 10/10 VUs, 420 complete and 0 interrupted iterations
default   [  77% ] 10 VUs  2m18.5s/3m0s

running (2m20.0s), 10/10 VUs, 424 complete and 0 interrupted iterations
default   [  78% ] 10 VUs  2m19.5s/3m0s

running (2m21.0s), 10/10 VUs, 426 complete and 0 interrupted iterations
default   [  78% ] 10 VUs  2m20.5s/3m0s

running (2m22.0s), 10/10 VUs, 428 complete and 0 interrupted iterations
default   [  79% ] 10 VUs  2m21.5s/3m0s

running (2m23.0s), 10/10 VUs, 433 complete and 0 interrupted iterations
default   [  79% ] 10 VUs  2m22.5s/3m0s

running (2m24.0s), 10/10 VUs, 436 complete and 0 interrupted iterations
default   [  80% ] 10 VUs  2m23.5s/3m0s

running (2m25.0s), 10/10 VUs, 437 complete and 0 interrupted iterations
default   [  80% ] 10 VUs  2m24.5s/3m0s

running (2m26.0s), 10/10 VUs, 442 complete and 0 interrupted iterations
default   [  81% ] 10 VUs  2m25.5s/3m0s

running (2m27.0s), 10/10 VUs, 445 complete and 0 interrupted iterations
default   [  81% ] 10 VUs  2m26.5s/3m0s

running (2m28.0s), 10/10 VUs, 447 complete and 0 interrupted iterations
default   [  82% ] 10 VUs  2m27.5s/3m0s

running (2m29.0s), 10/10 VUs, 451 complete and 0 interrupted iterations
default   [  83% ] 10 VUs  2m28.5s/3m0s

running (2m30.0s), 10/10 VUs, 452 complete and 0 interrupted iterations
default   [  83% ] 10 VUs  2m29.5s/3m0s

running (2m31.0s), 10/10 VUs, 460 complete and 0 interrupted iterations
default   [  84% ] 10 VUs  2m30.5s/3m0s

running (2m32.0s), 10/10 VUs, 462 complete and 0 interrupted iterations
default   [  84% ] 10 VUs  2m31.5s/3m0s

running (2m33.0s), 10/10 VUs, 465 complete and 0 interrupted iterations
default   [  85% ] 10 VUs  2m32.5s/3m0s

running (2m34.0s), 10/10 VUs, 466 complete and 0 interrupted iterations
default   [  85% ] 10 VUs  2m33.5s/3m0s

running (2m35.0s), 10/10 VUs, 470 complete and 0 interrupted iterations
default   [  86% ] 10 VUs  2m34.5s/3m0s

running (2m36.0s), 10/10 VUs, 473 complete and 0 interrupted iterations
default   [  86% ] 10 VUs  2m35.5s/3m0s

running (2m37.0s), 10/10 VUs, 476 complete and 0 interrupted iterations
default   [  87% ] 10 VUs  2m36.5s/3m0s

running (2m38.0s), 10/10 VUs, 481 complete and 0 interrupted iterations
default   [  88% ] 10 VUs  2m37.5s/3m0s

running (2m39.0s), 10/10 VUs, 484 complete and 0 interrupted iterations
default   [  88% ] 10 VUs  2m38.5s/3m0s

running (2m40.0s), 10/10 VUs, 486 complete and 0 interrupted iterations
default   [  89% ] 10 VUs  2m39.5s/3m0s

running (2m41.0s), 10/10 VUs, 487 complete and 0 interrupted iterations
default   [  89% ] 10 VUs  2m40.5s/3m0s

running (2m42.0s), 10/10 VUs, 492 complete and 0 interrupted iterations
default   [  90% ] 10 VUs  2m41.5s/3m0s

running (2m43.0s), 10/10 VUs, 495 complete and 0 interrupted iterations
default   [  90% ] 10 VUs  2m42.5s/3m0s

running (2m44.0s), 10/10 VUs, 498 complete and 0 interrupted iterations
default   [  91% ] 10 VUs  2m43.5s/3m0s

running (2m45.0s), 10/10 VUs, 500 complete and 0 interrupted iterations
default   [  91% ] 10 VUs  2m44.5s/3m0s

running (2m46.0s), 10/10 VUs, 503 complete and 0 interrupted iterations
default   [  92% ] 10 VUs  2m45.5s/3m0s

running (2m47.0s), 10/10 VUs, 506 complete and 0 interrupted iterations
default   [  93% ] 10 VUs  2m46.5s/3m0s

running (2m48.0s), 10/10 VUs, 509 complete and 0 interrupted iterations
default   [  93% ] 10 VUs  2m47.5s/3m0s

running (2m49.0s), 10/10 VUs, 514 complete and 0 interrupted iterations
default   [  94% ] 10 VUs  2m48.5s/3m0s

running (2m50.0s), 10/10 VUs, 516 complete and 0 interrupted iterations
default   [  94% ] 10 VUs  2m49.5s/3m0s

running (2m51.0s), 10/10 VUs, 519 complete and 0 interrupted iterations
default   [  95% ] 10 VUs  2m50.5s/3m0s

running (2m52.0s), 10/10 VUs, 524 complete and 0 interrupted iterations
default   [  95% ] 10 VUs  2m51.5s/3m0s

running (2m53.0s), 10/10 VUs, 526 complete and 0 interrupted iterations
default   [  96% ] 10 VUs  2m52.5s/3m0s

running (2m54.0s), 10/10 VUs, 529 complete and 0 interrupted iterations
default   [  96% ] 10 VUs  2m53.5s/3m0s

running (2m55.0s), 10/10 VUs, 530 complete and 0 interrupted iterations
default   [  97% ] 10 VUs  2m54.5s/3m0s

running (2m56.0s), 10/10 VUs, 534 complete and 0 interrupted iterations
default   [  98% ] 10 VUs  2m55.5s/3m0s

running (2m57.0s), 10/10 VUs, 535 complete and 0 interrupted iterations
default   [  98% ] 10 VUs  2m56.5s/3m0s

running (2m58.0s), 10/10 VUs, 540 complete and 0 interrupted iterations
default   [  99% ] 10 VUs  2m57.5s/3m0s

running (2m59.0s), 10/10 VUs, 543 complete and 0 interrupted iterations
default   [  99% ] 10 VUs  2m58.5s/3m0s

running (3m00.0s), 10/10 VUs, 546 complete and 0 interrupted iterations
default   [ 100% ] 10 VUs  2m59.5s/3m0s

running (3m01.0s), 08/10 VUs, 550 complete and 0 interrupted iterations
default ↓ [ 100% ] 10 VUs  3m0s

running (3m02.0s), 05/10 VUs, 553 complete and 0 interrupted iterations
default ↓ [ 100% ] 10 VUs  3m0s

running (3m03.0s), 02/10 VUs, 556 complete and 0 interrupted iterations
default ↓ [ 100% ] 10 VUs  3m0s

running (3m04.0s), 01/10 VUs, 557 complete and 0 interrupted iterations
default ↓ [ 100% ] 10 VUs  3m0s

running (3m05.0s), 01/10 VUs, 557 complete and 0 interrupted iterations
default ↓ [ 100% ] 10 VUs  3m0s
time="2026-03-02T10:53:18+01:00" level=info msg="\n========================================" source=console
time="2026-03-02T10:53:18+01:00" level=info msg="Load test completed" source=console
time="2026-03-02T10:53:18+01:00" level=info msg="Target: https://lemonade-stand-lemonade-stand-assistant.apps.cluster-8zrnr.8zrnr.sandbox203.opentlc.com" source=console
time="2026-03-02T10:53:18+01:00" level=info msg="Scenario: load" source=console
time="2026-03-02T10:53:18+01:00" level=info msg="========================================\n" source=console


  █ THRESHOLDS 

    http_req_duration
    ✓ 'p(95)<60000' p(95)=5.04s

    sse_error_rate
    ✓ 'rate<0.20' rate=0.00%

    sse_success_rate
    ✓ 'rate>0.80' rate=100.00%

    sse_total_time_ms
    ✓ 'p(95)<60000' p(95)=5.05s

    sse_ttfb_ms
    ✓ 'p(50)<5000' p(50)=198ms
    ✓ 'p(95)<15000' p(95)=632.74ms


  █ TOTAL RESULTS 

    checks_total.......: 2443   13.195585/s
    checks_succeeded...: 97.29% 2377 out of 2443
    checks_failed......: 2.70%  66 out of 2443

    ✓ status is 200
    ✓ received SSE data
    ✓ got response content
    ✓ stream completed
    ✗ safe prompt got content
      ↳  68% — ✓ 145 / ✗ 66

    CUSTOM
    sse_blocked_rate...............: 63.62%  355 out of 558
    sse_chunks_count...............: avg=4.636201   min=0        med=0        max=59    p(90)=14.3    p(95)=22.35   
    sse_content_length.............: avg=155.985663 min=0        med=0        max=1349  p(90)=554.3   p(95)=781.95  
    sse_error_rate.................: 0.00%   0 out of 558
    sse_requests_total.............: 558     3.013973/s
    sse_success_rate...............: 100.00% 558 out of 558
    sse_total_time_ms..............: avg=1.25s      min=113ms    med=425ms    max=6.75s p(90)=4.19s   p(95)=5.05s   
    sse_ttfb_ms....................: avg=277.8ms    min=86.37ms  med=198ms    max=2.02s p(90)=527.9ms p(95)=632.74ms

    HTTP
    http_req_duration..............: avg=1.24s      min=112.79ms med=400.53ms max=6.75s p(90)=4.19s   p(95)=5.04s   
      { expected_response:true }...: avg=1.24s      min=112.79ms med=400.53ms max=6.75s p(90)=4.19s   p(95)=5.04s   
    http_req_failed................: 0.00%   0 out of 559
    http_reqs......................: 559     3.019375/s

    EXECUTION
    iteration_duration.............: avg=3.25s      min=1.12s    med=2.73s    max=9.14s p(90)=6.17s   p(95)=7.23s   
    iterations.....................: 558     3.013973/s
    vus............................: 1       min=1          max=10
    vus_max........................: 10      min=10         max=10

    NETWORK
    data_received..................: 511 kB  2.8 kB/s
    data_sent......................: 184 kB  991 B/s




running (3m05.1s), 00/10 VUs, 558 complete and 0 interrupted iterations
default ✓ [ 100% ] 10 VUs  3m0s
