time="2026-03-02T10:46:37+01:00" level=warning msg="\"cli\" level configuration overrode scenarios configuration entirely"

         /\      Grafana   /‾‾/  
    /\  /  \     |\  __   /  /   
   /  \/    \    | |/ /  /   ‾‾\ 
  /          \   |   (  |  (‾)  |
 / __________ \  |_|\_\  \_____/ 


     execution: local
        script: /Users/agiertli/Documents/work/lemonade-stand-assistant/scripts/k6-load-test.js
        output: json (/Users/agiertli/Documents/work/lemonade-stand-assistant/scripts/../benchmark-results/20260302_104403_5-users.json)

     scenarios: (100.00%) 1 scenario, 5 max VUs, 3m30s max duration (incl. graceful stop):
              * default: 5 looping VUs for 3m0s (gracefulStop: 30s)

time="2026-03-02T10:46:37+01:00" level=info msg="\n========================================" source=console
time="2026-03-02T10:46:37+01:00" level=info msg="k6 Load Test - Lemonade Stand API" source=console
time="2026-03-02T10:46:37+01:00" level=info msg="Target: https://lemonade-stand-lemonade-stand-assistant.apps.cluster-8zrnr.8zrnr.sandbox203.opentlc.com" source=console
time="2026-03-02T10:46:37+01:00" level=info msg="Scenario: load" source=console
time="2026-03-02T10:46:37+01:00" level=info msg="Mode: STRESS TEST (1-3s think time)" source=console
time="2026-03-02T10:46:37+01:00" level=info msg="========================================\n" source=console
time="2026-03-02T10:46:37+01:00" level=info msg="Service is healthy, starting load test...\n" source=console

running (0m01.0s), 5/5 VUs, 0 complete and 0 interrupted iterations
default   [   0% ] 5 VUs  0m00.5s/3m0s

running (0m02.0s), 5/5 VUs, 0 complete and 0 interrupted iterations
default   [   1% ] 5 VUs  0m01.5s/3m0s

running (0m03.0s), 5/5 VUs, 1 complete and 0 interrupted iterations
default   [   1% ] 5 VUs  0m02.5s/3m0s

running (0m04.0s), 5/5 VUs, 5 complete and 0 interrupted iterations
default   [   2% ] 5 VUs  0m03.5s/3m0s

running (0m05.0s), 5/5 VUs, 7 complete and 0 interrupted iterations
default   [   2% ] 5 VUs  0m04.5s/3m0s

running (0m06.0s), 5/5 VUs, 8 complete and 0 interrupted iterations
default   [   3% ] 5 VUs  0m05.5s/3m0s

running (0m07.0s), 5/5 VUs, 9 complete and 0 interrupted iterations
default   [   4% ] 5 VUs  0m06.5s/3m0s

running (0m08.0s), 5/5 VUs, 10 complete and 0 interrupted iterations
default   [   4% ] 5 VUs  0m07.5s/3m0s

running (0m09.0s), 5/5 VUs, 10 complete and 0 interrupted iterations
default   [   5% ] 5 VUs  0m08.5s/3m0s

running (0m10.0s), 5/5 VUs, 12 complete and 0 interrupted iterations
default   [   5% ] 5 VUs  0m09.5s/3m0s

running (0m11.0s), 5/5 VUs, 15 complete and 0 interrupted iterations
default   [   6% ] 5 VUs  0m10.5s/3m0s

running (0m12.0s), 5/5 VUs, 15 complete and 0 interrupted iterations
default   [   6% ] 5 VUs  0m11.5s/3m0s

running (0m13.0s), 5/5 VUs, 17 complete and 0 interrupted iterations
default   [   7% ] 5 VUs  0m12.5s/3m0s

running (0m14.0s), 5/5 VUs, 18 complete and 0 interrupted iterations
default   [   7% ] 5 VUs  0m13.5s/3m0s

running (0m15.0s), 5/5 VUs, 20 complete and 0 interrupted iterations
default   [   8% ] 5 VUs  0m14.5s/3m0s

running (0m16.0s), 5/5 VUs, 22 complete and 0 interrupted iterations
default   [   9% ] 5 VUs  0m15.5s/3m0s

running (0m17.0s), 5/5 VUs, 24 complete and 0 interrupted iterations
default   [   9% ] 5 VUs  0m16.5s/3m0s

running (0m18.0s), 5/5 VUs, 25 complete and 0 interrupted iterations
default   [  10% ] 5 VUs  0m17.5s/3m0s

running (0m19.0s), 5/5 VUs, 26 complete and 0 interrupted iterations
default   [  10% ] 5 VUs  0m18.5s/3m0s

running (0m20.0s), 5/5 VUs, 27 complete and 0 interrupted iterations
default   [  11% ] 5 VUs  0m19.5s/3m0s

running (0m21.0s), 5/5 VUs, 28 complete and 0 interrupted iterations
default   [  11% ] 5 VUs  0m20.5s/3m0s

running (0m22.0s), 5/5 VUs, 30 complete and 0 interrupted iterations
default   [  12% ] 5 VUs  0m21.5s/3m0s

running (0m23.0s), 5/5 VUs, 32 complete and 0 interrupted iterations
default   [  12% ] 5 VUs  0m22.5s/3m0s

running (0m24.0s), 5/5 VUs, 33 complete and 0 interrupted iterations
default   [  13% ] 5 VUs  0m23.5s/3m0s

running (0m25.0s), 5/5 VUs, 34 complete and 0 interrupted iterations
default   [  14% ] 5 VUs  0m24.5s/3m0s

running (0m26.0s), 5/5 VUs, 36 complete and 0 interrupted iterations
default   [  14% ] 5 VUs  0m25.5s/3m0s

running (0m27.0s), 5/5 VUs, 37 complete and 0 interrupted iterations
default   [  15% ] 5 VUs  0m26.5s/3m0s

running (0m28.0s), 5/5 VUs, 40 complete and 0 interrupted iterations
default   [  15% ] 5 VUs  0m27.5s/3m0s

running (0m29.0s), 5/5 VUs, 41 complete and 0 interrupted iterations
default   [  16% ] 5 VUs  0m28.5s/3m0s

running (0m30.0s), 5/5 VUs, 42 complete and 0 interrupted iterations
default   [  16% ] 5 VUs  0m29.5s/3m0s

running (0m31.0s), 5/5 VUs, 43 complete and 0 interrupted iterations
default   [  17% ] 5 VUs  0m30.5s/3m0s

running (0m32.0s), 5/5 VUs, 44 complete and 0 interrupted iterations
default   [  17% ] 5 VUs  0m31.5s/3m0s

running (0m33.0s), 5/5 VUs, 45 complete and 0 interrupted iterations
default   [  18% ] 5 VUs  0m32.5s/3m0s

running (0m34.0s), 5/5 VUs, 47 complete and 0 interrupted iterations
default   [  19% ] 5 VUs  0m33.5s/3m0s

running (0m35.0s), 5/5 VUs, 49 complete and 0 interrupted iterations
default   [  19% ] 5 VUs  0m34.5s/3m0s

running (0m36.0s), 5/5 VUs, 51 complete and 0 interrupted iterations
default   [  20% ] 5 VUs  0m35.5s/3m0s

running (0m37.0s), 5/5 VUs, 52 complete and 0 interrupted iterations
default   [  20% ] 5 VUs  0m36.5s/3m0s

running (0m38.0s), 5/5 VUs, 55 complete and 0 interrupted iterations
default   [  21% ] 5 VUs  0m37.5s/3m0s

running (0m39.0s), 5/5 VUs, 57 complete and 0 interrupted iterations
default   [  21% ] 5 VUs  0m38.5s/3m0s

running (0m40.0s), 5/5 VUs, 57 complete and 0 interrupted iterations
default   [  22% ] 5 VUs  0m39.5s/3m0s

running (0m41.0s), 5/5 VUs, 57 complete and 0 interrupted iterations
default   [  22% ] 5 VUs  0m40.5s/3m0s

running (0m42.0s), 5/5 VUs, 59 complete and 0 interrupted iterations
default   [  23% ] 5 VUs  0m41.5s/3m0s

running (0m43.0s), 5/5 VUs, 62 complete and 0 interrupted iterations
default   [  24% ] 5 VUs  0m42.5s/3m0s

running (0m44.0s), 5/5 VUs, 64 complete and 0 interrupted iterations
default   [  24% ] 5 VUs  0m43.5s/3m0s

running (0m45.0s), 5/5 VUs, 66 complete and 0 interrupted iterations
default   [  25% ] 5 VUs  0m44.5s/3m0s

running (0m46.0s), 5/5 VUs, 66 complete and 0 interrupted iterations
default   [  25% ] 5 VUs  0m45.5s/3m0s

running (0m47.0s), 5/5 VUs, 67 complete and 0 interrupted iterations
default   [  26% ] 5 VUs  0m46.5s/3m0s

running (0m48.0s), 5/5 VUs, 68 complete and 0 interrupted iterations
default   [  26% ] 5 VUs  0m47.5s/3m0s

running (0m49.0s), 5/5 VUs, 71 complete and 0 interrupted iterations
default   [  27% ] 5 VUs  0m48.5s/3m0s

running (0m50.0s), 5/5 VUs, 71 complete and 0 interrupted iterations
default   [  27% ] 5 VUs  0m49.5s/3m0s

running (0m51.0s), 5/5 VUs, 72 complete and 0 interrupted iterations
default   [  28% ] 5 VUs  0m50.5s/3m0s

running (0m52.0s), 5/5 VUs, 75 complete and 0 interrupted iterations
default   [  29% ] 5 VUs  0m51.5s/3m0s

running (0m53.0s), 5/5 VUs, 75 complete and 0 interrupted iterations
default   [  29% ] 5 VUs  0m52.5s/3m0s

running (0m54.0s), 5/5 VUs, 78 complete and 0 interrupted iterations
default   [  30% ] 5 VUs  0m53.5s/3m0s

running (0m55.0s), 5/5 VUs, 79 complete and 0 interrupted iterations
default   [  30% ] 5 VUs  0m54.5s/3m0s

running (0m56.0s), 5/5 VUs, 83 complete and 0 interrupted iterations
default   [  31% ] 5 VUs  0m55.5s/3m0s

running (0m57.0s), 5/5 VUs, 84 complete and 0 interrupted iterations
default   [  31% ] 5 VUs  0m56.5s/3m0s

running (0m58.0s), 5/5 VUs, 86 complete and 0 interrupted iterations
default   [  32% ] 5 VUs  0m57.5s/3m0s

running (0m59.0s), 5/5 VUs, 88 complete and 0 interrupted iterations
default   [  32% ] 5 VUs  0m58.5s/3m0s

running (1m00.0s), 5/5 VUs, 88 complete and 0 interrupted iterations
default   [  33% ] 5 VUs  0m59.5s/3m0s

running (1m01.0s), 5/5 VUs, 89 complete and 0 interrupted iterations
default   [  34% ] 5 VUs  1m00.5s/3m0s

running (1m02.0s), 5/5 VUs, 89 complete and 0 interrupted iterations
default   [  34% ] 5 VUs  1m01.5s/3m0s

running (1m03.0s), 5/5 VUs, 93 complete and 0 interrupted iterations
default   [  35% ] 5 VUs  1m02.5s/3m0s

running (1m04.0s), 5/5 VUs, 94 complete and 0 interrupted iterations
default   [  35% ] 5 VUs  1m03.5s/3m0s

running (1m05.0s), 5/5 VUs, 95 complete and 0 interrupted iterations
default   [  36% ] 5 VUs  1m04.5s/3m0s

running (1m06.0s), 5/5 VUs, 99 complete and 0 interrupted iterations
default   [  36% ] 5 VUs  1m05.5s/3m0s

running (1m07.0s), 5/5 VUs, 100 complete and 0 interrupted iterations
default   [  37% ] 5 VUs  1m06.5s/3m0s

running (1m08.0s), 5/5 VUs, 101 complete and 0 interrupted iterations
default   [  37% ] 5 VUs  1m07.5s/3m0s

running (1m09.0s), 5/5 VUs, 102 complete and 0 interrupted iterations
default   [  38% ] 5 VUs  1m08.5s/3m0s

running (1m10.0s), 5/5 VUs, 103 complete and 0 interrupted iterations
default   [  39% ] 5 VUs  1m09.5s/3m0s

running (1m11.0s), 5/5 VUs, 105 complete and 0 interrupted iterations
default   [  39% ] 5 VUs  1m10.5s/3m0s

running (1m12.0s), 5/5 VUs, 107 complete and 0 interrupted iterations
default   [  40% ] 5 VUs  1m11.5s/3m0s

running (1m13.0s), 5/5 VUs, 109 complete and 0 interrupted iterations
default   [  40% ] 5 VUs  1m12.5s/3m0s

running (1m14.0s), 5/5 VUs, 110 complete and 0 interrupted iterations
default   [  41% ] 5 VUs  1m13.5s/3m0s

running (1m15.0s), 5/5 VUs, 113 complete and 0 interrupted iterations
default   [  41% ] 5 VUs  1m14.5s/3m0s

running (1m16.0s), 5/5 VUs, 113 complete and 0 interrupted iterations
default   [  42% ] 5 VUs  1m15.5s/3m0s

running (1m17.0s), 5/5 VUs, 116 complete and 0 interrupted iterations
default   [  42% ] 5 VUs  1m16.5s/3m0s

running (1m18.0s), 5/5 VUs, 118 complete and 0 interrupted iterations
default   [  43% ] 5 VUs  1m17.5s/3m0s

running (1m19.0s), 5/5 VUs, 120 complete and 0 interrupted iterations
default   [  44% ] 5 VUs  1m18.5s/3m0s

running (1m20.0s), 5/5 VUs, 122 complete and 0 interrupted iterations
default   [  44% ] 5 VUs  1m19.5s/3m0s

running (1m21.0s), 5/5 VUs, 123 complete and 0 interrupted iterations
default   [  45% ] 5 VUs  1m20.5s/3m0s

running (1m22.0s), 5/5 VUs, 125 complete and 0 interrupted iterations
default   [  45% ] 5 VUs  1m21.5s/3m0s

running (1m23.0s), 5/5 VUs, 126 complete and 0 interrupted iterations
default   [  46% ] 5 VUs  1m22.5s/3m0s

running (1m24.0s), 5/5 VUs, 129 complete and 0 interrupted iterations
default   [  46% ] 5 VUs  1m23.5s/3m0s

running (1m25.0s), 5/5 VUs, 131 complete and 0 interrupted iterations
default   [  47% ] 5 VUs  1m24.5s/3m0s

running (1m26.0s), 5/5 VUs, 132 complete and 0 interrupted iterations
default   [  47% ] 5 VUs  1m25.5s/3m0s

running (1m27.0s), 5/5 VUs, 134 complete and 0 interrupted iterations
default   [  48% ] 5 VUs  1m26.5s/3m0s

running (1m28.0s), 5/5 VUs, 135 complete and 0 interrupted iterations
default   [  49% ] 5 VUs  1m27.5s/3m0s

running (1m29.0s), 5/5 VUs, 138 complete and 0 interrupted iterations
default   [  49% ] 5 VUs  1m28.5s/3m0s

running (1m30.0s), 5/5 VUs, 139 complete and 0 interrupted iterations
default   [  50% ] 5 VUs  1m29.5s/3m0s

running (1m31.0s), 5/5 VUs, 141 complete and 0 interrupted iterations
default   [  50% ] 5 VUs  1m30.5s/3m0s

running (1m32.0s), 5/5 VUs, 144 complete and 0 interrupted iterations
default   [  51% ] 5 VUs  1m31.5s/3m0s

running (1m33.0s), 5/5 VUs, 144 complete and 0 interrupted iterations
default   [  51% ] 5 VUs  1m32.5s/3m0s

running (1m34.0s), 5/5 VUs, 146 complete and 0 interrupted iterations
default   [  52% ] 5 VUs  1m33.5s/3m0s

running (1m35.0s), 5/5 VUs, 146 complete and 0 interrupted iterations
default   [  52% ] 5 VUs  1m34.5s/3m0s

running (1m36.0s), 5/5 VUs, 149 complete and 0 interrupted iterations
default   [  53% ] 5 VUs  1m35.5s/3m0s

running (1m37.0s), 5/5 VUs, 149 complete and 0 interrupted iterations
default   [  54% ] 5 VUs  1m36.5s/3m0s

running (1m38.0s), 5/5 VUs, 152 complete and 0 interrupted iterations
default   [  54% ] 5 VUs  1m37.5s/3m0s

running (1m39.0s), 5/5 VUs, 154 complete and 0 interrupted iterations
default   [  55% ] 5 VUs  1m38.5s/3m0s

running (1m40.0s), 5/5 VUs, 155 complete and 0 interrupted iterations
default   [  55% ] 5 VUs  1m39.5s/3m0s

running (1m41.0s), 5/5 VUs, 156 complete and 0 interrupted iterations
default   [  56% ] 5 VUs  1m40.5s/3m0s

running (1m42.0s), 5/5 VUs, 158 complete and 0 interrupted iterations
default   [  56% ] 5 VUs  1m41.5s/3m0s

running (1m43.0s), 5/5 VUs, 160 complete and 0 interrupted iterations
default   [  57% ] 5 VUs  1m42.5s/3m0s

running (1m44.0s), 5/5 VUs, 160 complete and 0 interrupted iterations
default   [  57% ] 5 VUs  1m43.5s/3m0s

running (1m45.0s), 5/5 VUs, 162 complete and 0 interrupted iterations
default   [  58% ] 5 VUs  1m44.5s/3m0s

running (1m46.0s), 5/5 VUs, 164 complete and 0 interrupted iterations
default   [  59% ] 5 VUs  1m45.5s/3m0s

running (1m47.0s), 5/5 VUs, 166 complete and 0 interrupted iterations
default   [  59% ] 5 VUs  1m46.5s/3m0s

running (1m48.0s), 5/5 VUs, 168 complete and 0 interrupted iterations
default   [  60% ] 5 VUs  1m47.5s/3m0s

running (1m49.0s), 5/5 VUs, 169 complete and 0 interrupted iterations
default   [  60% ] 5 VUs  1m48.5s/3m0s

running (1m50.0s), 5/5 VUs, 172 complete and 0 interrupted iterations
default   [  61% ] 5 VUs  1m49.5s/3m0s

running (1m51.0s), 5/5 VUs, 174 complete and 0 interrupted iterations
default   [  61% ] 5 VUs  1m50.5s/3m0s

running (1m52.0s), 5/5 VUs, 175 complete and 0 interrupted iterations
default   [  62% ] 5 VUs  1m51.5s/3m0s

running (1m53.0s), 5/5 VUs, 178 complete and 0 interrupted iterations
default   [  62% ] 5 VUs  1m52.5s/3m0s

running (1m54.0s), 5/5 VUs, 179 complete and 0 interrupted iterations
default   [  63% ] 5 VUs  1m53.5s/3m0s

running (1m55.0s), 5/5 VUs, 180 complete and 0 interrupted iterations
default   [  64% ] 5 VUs  1m54.5s/3m0s

running (1m56.0s), 5/5 VUs, 183 complete and 0 interrupted iterations
default   [  64% ] 5 VUs  1m55.5s/3m0s

running (1m57.0s), 5/5 VUs, 185 complete and 0 interrupted iterations
default   [  65% ] 5 VUs  1m56.5s/3m0s

running (1m58.0s), 5/5 VUs, 186 complete and 0 interrupted iterations
default   [  65% ] 5 VUs  1m57.5s/3m0s

running (1m59.0s), 5/5 VUs, 188 complete and 0 interrupted iterations
default   [  66% ] 5 VUs  1m58.5s/3m0s

running (2m00.0s), 5/5 VUs, 189 complete and 0 interrupted iterations
default   [  66% ] 5 VUs  1m59.5s/3m0s

running (2m01.0s), 5/5 VUs, 193 complete and 0 interrupted iterations
default   [  67% ] 5 VUs  2m00.5s/3m0s

running (2m02.0s), 5/5 VUs, 193 complete and 0 interrupted iterations
default   [  67% ] 5 VUs  2m01.5s/3m0s

running (2m03.0s), 5/5 VUs, 194 complete and 0 interrupted iterations
default   [  68% ] 5 VUs  2m02.5s/3m0s

running (2m04.0s), 5/5 VUs, 195 complete and 0 interrupted iterations
default   [  69% ] 5 VUs  2m03.5s/3m0s

running (2m05.0s), 5/5 VUs, 196 complete and 0 interrupted iterations
default   [  69% ] 5 VUs  2m04.5s/3m0s

running (2m06.0s), 5/5 VUs, 197 complete and 0 interrupted iterations
default   [  70% ] 5 VUs  2m05.5s/3m0s

running (2m07.0s), 5/5 VUs, 198 complete and 0 interrupted iterations
default   [  70% ] 5 VUs  2m06.5s/3m0s

running (2m08.0s), 5/5 VUs, 200 complete and 0 interrupted iterations
default   [  71% ] 5 VUs  2m07.5s/3m0s

running (2m09.0s), 5/5 VUs, 201 complete and 0 interrupted iterations
default   [  71% ] 5 VUs  2m08.5s/3m0s

running (2m10.0s), 5/5 VUs, 203 complete and 0 interrupted iterations
default   [  72% ] 5 VUs  2m09.5s/3m0s

running (2m11.0s), 5/5 VUs, 204 complete and 0 interrupted iterations
default   [  72% ] 5 VUs  2m10.5s/3m0s

running (2m12.0s), 5/5 VUs, 206 complete and 0 interrupted iterations
default   [  73% ] 5 VUs  2m11.5s/3m0s

running (2m13.0s), 5/5 VUs, 208 complete and 0 interrupted iterations
default   [  74% ] 5 VUs  2m12.5s/3m0s

running (2m14.0s), 5/5 VUs, 209 complete and 0 interrupted iterations
default   [  74% ] 5 VUs  2m13.5s/3m0s

running (2m15.0s), 5/5 VUs, 212 complete and 0 interrupted iterations
default   [  75% ] 5 VUs  2m14.5s/3m0s

running (2m16.0s), 5/5 VUs, 214 complete and 0 interrupted iterations
default   [  75% ] 5 VUs  2m15.5s/3m0s

running (2m17.0s), 5/5 VUs, 215 complete and 0 interrupted iterations
default   [  76% ] 5 VUs  2m16.5s/3m0s

running (2m18.0s), 5/5 VUs, 217 complete and 0 interrupted iterations
default   [  76% ] 5 VUs  2m17.5s/3m0s

running (2m19.0s), 5/5 VUs, 218 complete and 0 interrupted iterations
default   [  77% ] 5 VUs  2m18.5s/3m0s

running (2m20.0s), 5/5 VUs, 219 complete and 0 interrupted iterations
default   [  77% ] 5 VUs  2m19.5s/3m0s

running (2m21.0s), 5/5 VUs, 222 complete and 0 interrupted iterations
default   [  78% ] 5 VUs  2m20.5s/3m0s

running (2m22.0s), 5/5 VUs, 224 complete and 0 interrupted iterations
default   [  79% ] 5 VUs  2m21.5s/3m0s

running (2m23.0s), 5/5 VUs, 227 complete and 0 interrupted iterations
default   [  79% ] 5 VUs  2m22.5s/3m0s

running (2m24.0s), 5/5 VUs, 230 complete and 0 interrupted iterations
default   [  80% ] 5 VUs  2m23.5s/3m0s

running (2m25.0s), 5/5 VUs, 232 complete and 0 interrupted iterations
default   [  80% ] 5 VUs  2m24.5s/3m0s

running (2m26.0s), 5/5 VUs, 234 complete and 0 interrupted iterations
default   [  81% ] 5 VUs  2m25.5s/3m0s

running (2m27.0s), 5/5 VUs, 235 complete and 0 interrupted iterations
default   [  81% ] 5 VUs  2m26.5s/3m0s

running (2m28.0s), 5/5 VUs, 235 complete and 0 interrupted iterations
default   [  82% ] 5 VUs  2m27.5s/3m0s

running (2m29.0s), 5/5 VUs, 236 complete and 0 interrupted iterations
default   [  82% ] 5 VUs  2m28.5s/3m0s

running (2m30.0s), 5/5 VUs, 237 complete and 0 interrupted iterations
default   [  83% ] 5 VUs  2m29.5s/3m0s

running (2m31.0s), 5/5 VUs, 238 complete and 0 interrupted iterations
default   [  84% ] 5 VUs  2m30.5s/3m0s

running (2m32.0s), 5/5 VUs, 239 complete and 0 interrupted iterations
default   [  84% ] 5 VUs  2m31.5s/3m0s

running (2m33.0s), 5/5 VUs, 239 complete and 0 interrupted iterations
default   [  85% ] 5 VUs  2m32.5s/3m0s

running (2m34.0s), 5/5 VUs, 242 complete and 0 interrupted iterations
default   [  85% ] 5 VUs  2m33.5s/3m0s

running (2m35.0s), 5/5 VUs, 244 complete and 0 interrupted iterations
default   [  86% ] 5 VUs  2m34.5s/3m0s

running (2m36.0s), 5/5 VUs, 246 complete and 0 interrupted iterations
default   [  86% ] 5 VUs  2m35.5s/3m0s

running (2m37.0s), 5/5 VUs, 248 complete and 0 interrupted iterations
default   [  87% ] 5 VUs  2m36.5s/3m0s

running (2m38.0s), 5/5 VUs, 248 complete and 0 interrupted iterations
default   [  87% ] 5 VUs  2m37.5s/3m0s

running (2m39.0s), 5/5 VUs, 253 complete and 0 interrupted iterations
default   [  88% ] 5 VUs  2m38.5s/3m0s

running (2m40.0s), 5/5 VUs, 254 complete and 0 interrupted iterations
default   [  89% ] 5 VUs  2m39.5s/3m0s

running (2m41.0s), 5/5 VUs, 256 complete and 0 interrupted iterations
default   [  89% ] 5 VUs  2m40.5s/3m0s

running (2m42.0s), 5/5 VUs, 258 complete and 0 interrupted iterations
default   [  90% ] 5 VUs  2m41.5s/3m0s

running (2m43.0s), 5/5 VUs, 259 complete and 0 interrupted iterations
default   [  90% ] 5 VUs  2m42.5s/3m0s

running (2m44.0s), 5/5 VUs, 261 complete and 0 interrupted iterations
default   [  91% ] 5 VUs  2m43.5s/3m0s

running (2m45.0s), 5/5 VUs, 263 complete and 0 interrupted iterations
default   [  91% ] 5 VUs  2m44.5s/3m0s

running (2m46.0s), 5/5 VUs, 264 complete and 0 interrupted iterations
default   [  92% ] 5 VUs  2m45.5s/3m0s

running (2m47.0s), 5/5 VUs, 266 complete and 0 interrupted iterations
default   [  92% ] 5 VUs  2m46.5s/3m0s

running (2m48.0s), 5/5 VUs, 267 complete and 0 interrupted iterations
default   [  93% ] 5 VUs  2m47.5s/3m0s

running (2m49.0s), 5/5 VUs, 268 complete and 0 interrupted iterations
default   [  94% ] 5 VUs  2m48.5s/3m0s

running (2m50.0s), 5/5 VUs, 270 complete and 0 interrupted iterations
default   [  94% ] 5 VUs  2m49.5s/3m0s

running (2m51.0s), 5/5 VUs, 271 complete and 0 interrupted iterations
default   [  95% ] 5 VUs  2m50.5s/3m0s

running (2m52.0s), 5/5 VUs, 272 complete and 0 interrupted iterations
default   [  95% ] 5 VUs  2m51.5s/3m0s

running (2m53.0s), 5/5 VUs, 277 complete and 0 interrupted iterations
default   [  96% ] 5 VUs  2m52.5s/3m0s

running (2m54.0s), 5/5 VUs, 278 complete and 0 interrupted iterations
default   [  96% ] 5 VUs  2m53.5s/3m0s

running (2m55.0s), 5/5 VUs, 280 complete and 0 interrupted iterations
default   [  97% ] 5 VUs  2m54.5s/3m0s

running (2m56.0s), 5/5 VUs, 281 complete and 0 interrupted iterations
default   [  97% ] 5 VUs  2m55.5s/3m0s

running (2m57.0s), 5/5 VUs, 285 complete and 0 interrupted iterations
default   [  98% ] 5 VUs  2m56.5s/3m0s

running (2m58.0s), 5/5 VUs, 285 complete and 0 interrupted iterations
default   [  99% ] 5 VUs  2m57.5s/3m0s

running (2m59.0s), 5/5 VUs, 288 complete and 0 interrupted iterations
default   [  99% ] 5 VUs  2m58.5s/3m0s

running (3m00.0s), 5/5 VUs, 292 complete and 0 interrupted iterations
default   [ 100% ] 5 VUs  2m59.5s/3m0s

running (3m01.0s), 5/5 VUs, 293 complete and 0 interrupted iterations
default ↓ [ 100% ] 5 VUs  3m0s

running (3m02.0s), 3/5 VUs, 295 complete and 0 interrupted iterations
default ↓ [ 100% ] 5 VUs  3m0s

running (3m03.0s), 2/5 VUs, 296 complete and 0 interrupted iterations
default ↓ [ 100% ] 5 VUs  3m0s

running (3m04.0s), 2/5 VUs, 296 complete and 0 interrupted iterations
default ↓ [ 100% ] 5 VUs  3m0s

running (3m05.0s), 2/5 VUs, 296 complete and 0 interrupted iterations
default ↓ [ 100% ] 5 VUs  3m0s

running (3m06.0s), 1/5 VUs, 297 complete and 0 interrupted iterations
default ↓ [ 100% ] 5 VUs  3m0s
time="2026-03-02T10:49:43+01:00" level=info msg="\n========================================" source=console
time="2026-03-02T10:49:43+01:00" level=info msg="Load test completed" source=console
time="2026-03-02T10:49:43+01:00" level=info msg="Target: https://lemonade-stand-lemonade-stand-assistant.apps.cluster-8zrnr.8zrnr.sandbox203.opentlc.com" source=console
time="2026-03-02T10:49:43+01:00" level=info msg="Scenario: load" source=console
time="2026-03-02T10:49:43+01:00" level=info msg="========================================\n" source=console


  █ THRESHOLDS 

    http_req_duration
    ✓ 'p(95)<60000' p(95)=4.05s

    sse_error_rate
    ✓ 'rate<0.20' rate=0.00%

    sse_success_rate
    ✓ 'rate>0.80' rate=100.00%

    sse_total_time_ms
    ✓ 'p(95)<60000' p(95)=4.06s

    sse_ttfb_ms
    ✓ 'p(50)<5000' p(50)=205ms
    ✓ 'p(95)<15000' p(95)=523.79ms


  █ TOTAL RESULTS 

    checks_total.......: 1311   7.043871/s
    checks_succeeded...: 98.16% 1287 out of 1311
    checks_failed......: 1.83%  24 out of 1311

    ✓ status is 200
    ✓ received SSE data
    ✓ got response content
    ✓ stream completed
    ✗ safe prompt got content
      ↳  79% — ✓ 95 / ✗ 24

    CUSTOM
    sse_blocked_rate...............: 57.04%  170 out of 298
    sse_chunks_count...............: avg=4.097315   min=0        med=0        max=59    p(90)=10.6    p(95)=16      
    sse_content_length.............: avg=140.979866 min=0        med=0        max=1337  p(90)=439     p(95)=619.35  
    sse_error_rate.................: 0.00%   0 out of 298
    sse_requests_total.............: 298     1.601124/s
    sse_success_rate...............: 100.00% 298 out of 298
    sse_total_time_ms..............: avg=1.11s      min=117ms    med=475.5ms  max=6.18s p(90)=3.07s   p(95)=4.06s   
    sse_ttfb_ms....................: avg=258.39ms   min=84.31ms  med=205ms    max=1.96s p(90)=437.1ms p(95)=523.79ms

    HTTP
    http_req_duration..............: avg=1.1s       min=116.73ms med=449.21ms max=6.18s p(90)=3.07s   p(95)=4.05s   
      { expected_response:true }...: avg=1.1s       min=116.73ms med=449.21ms max=6.18s p(90)=3.07s   p(95)=4.05s   
    http_req_failed................: 0.00%   0 out of 299
    http_reqs......................: 299     1.606497/s

    EXECUTION
    iteration_duration.............: avg=3.07s      min=1.16s    med=2.77s    max=8.4s  p(90)=5.15s   p(95)=6.03s   
    iterations.....................: 298     1.601124/s
    vus............................: 1       min=1          max=5
    vus_max........................: 5       min=5          max=5

    NETWORK
    data_received..................: 257 kB  1.4 kB/s
    data_sent......................: 98 kB   526 B/s




running (3m06.1s), 0/5 VUs, 298 complete and 0 interrupted iterations
default ✓ [ 100% ] 5 VUs  3m0s
