time="2026-03-02T10:59:27+01:00" level=warning msg="\"cli\" level configuration overrode scenarios configuration entirely"

         /\      Grafana   /‾‾/  
    /\  /  \     |\  __   /  /   
   /  \/    \    | |/ /  /   ‾‾\ 
  /          \   |   (  |  (‾)  |
 / __________ \  |_|\_\  \_____/ 


     execution: local
        script: /Users/agiertli/Documents/work/lemonade-stand-assistant/scripts/k6-load-test.js
        output: json (/Users/agiertli/Documents/work/lemonade-stand-assistant/scripts/../benchmark-results/20260302_104403_100-users.json)

     scenarios: (100.00%) 1 scenario, 100 max VUs, 5m30s max duration (incl. graceful stop):
              * default: 100 looping VUs for 5m0s (gracefulStop: 30s)

time="2026-03-02T10:59:27+01:00" level=info msg="\n========================================" source=console
time="2026-03-02T10:59:27+01:00" level=info msg="k6 Load Test - Lemonade Stand API" source=console
time="2026-03-02T10:59:27+01:00" level=info msg="Target: https://lemonade-stand-lemonade-stand-assistant.apps.cluster-8zrnr.8zrnr.sandbox203.opentlc.com" source=console
time="2026-03-02T10:59:27+01:00" level=info msg="Scenario: load" source=console
time="2026-03-02T10:59:27+01:00" level=info msg="Mode: STRESS TEST (1-3s think time)" source=console
time="2026-03-02T10:59:27+01:00" level=info msg="========================================\n" source=console
time="2026-03-02T10:59:28+01:00" level=info msg="Service is healthy, starting load test...\n" source=console

running (0m01.0s), 100/100 VUs, 0 complete and 0 interrupted iterations
default   [   0% ] 100 VUs  0m00.6s/5m0s

running (0m02.0s), 100/100 VUs, 0 complete and 0 interrupted iterations
default   [   1% ] 100 VUs  0m01.6s/5m0s

running (0m03.0s), 100/100 VUs, 10 complete and 0 interrupted iterations
default   [   1% ] 100 VUs  0m02.6s/5m0s

running (0m04.0s), 100/100 VUs, 34 complete and 0 interrupted iterations
default   [   1% ] 100 VUs  0m03.6s/5m0s

running (0m05.0s), 100/100 VUs, 51 complete and 0 interrupted iterations
default   [   2% ] 100 VUs  0m04.6s/5m0s

running (0m06.0s), 100/100 VUs, 62 complete and 0 interrupted iterations
default   [   2% ] 100 VUs  0m05.6s/5m0s

running (0m07.0s), 100/100 VUs, 89 complete and 0 interrupted iterations
default   [   2% ] 100 VUs  0m06.6s/5m0s

running (0m08.0s), 100/100 VUs, 104 complete and 0 interrupted iterations
default   [   3% ] 100 VUs  0m07.6s/5m0s

running (0m09.0s), 100/100 VUs, 131 complete and 0 interrupted iterations
default   [   3% ] 100 VUs  0m08.6s/5m0s

running (0m10.0s), 100/100 VUs, 154 complete and 0 interrupted iterations
default   [   3% ] 100 VUs  0m09.6s/5m0s

running (0m11.0s), 100/100 VUs, 184 complete and 0 interrupted iterations
default   [   4% ] 100 VUs  0m10.6s/5m0s

running (0m12.0s), 100/100 VUs, 206 complete and 0 interrupted iterations
default   [   4% ] 100 VUs  0m11.6s/5m0s

running (0m13.0s), 100/100 VUs, 236 complete and 0 interrupted iterations
default   [   4% ] 100 VUs  0m12.6s/5m0s

running (0m14.0s), 100/100 VUs, 259 complete and 0 interrupted iterations
default   [   5% ] 100 VUs  0m13.6s/5m0s

running (0m15.0s), 100/100 VUs, 275 complete and 0 interrupted iterations
default   [   5% ] 100 VUs  0m14.6s/5m0s

running (0m16.0s), 100/100 VUs, 294 complete and 0 interrupted iterations
default   [   5% ] 100 VUs  0m15.6s/5m0s

running (0m17.0s), 100/100 VUs, 309 complete and 0 interrupted iterations
default   [   6% ] 100 VUs  0m16.6s/5m0s

running (0m18.0s), 100/100 VUs, 327 complete and 0 interrupted iterations
default   [   6% ] 100 VUs  0m17.6s/5m0s

running (0m19.0s), 100/100 VUs, 344 complete and 0 interrupted iterations
default   [   6% ] 100 VUs  0m18.6s/5m0s

running (0m20.0s), 100/100 VUs, 367 complete and 0 interrupted iterations
default   [   7% ] 100 VUs  0m19.6s/5m0s

running (0m21.0s), 100/100 VUs, 389 complete and 0 interrupted iterations
default   [   7% ] 100 VUs  0m20.6s/5m0s

running (0m22.0s), 100/100 VUs, 409 complete and 0 interrupted iterations
default   [   7% ] 100 VUs  0m21.6s/5m0s

running (0m23.0s), 100/100 VUs, 430 complete and 0 interrupted iterations
default   [   8% ] 100 VUs  0m22.6s/5m0s

running (0m24.0s), 100/100 VUs, 451 complete and 0 interrupted iterations
default   [   8% ] 100 VUs  0m23.6s/5m0s

running (0m25.0s), 100/100 VUs, 470 complete and 0 interrupted iterations
default   [   8% ] 100 VUs  0m24.6s/5m0s

running (0m26.0s), 100/100 VUs, 489 complete and 0 interrupted iterations
default   [   9% ] 100 VUs  0m25.6s/5m0s

running (0m27.0s), 100/100 VUs, 508 complete and 0 interrupted iterations
default   [   9% ] 100 VUs  0m26.6s/5m0s

running (0m28.0s), 100/100 VUs, 526 complete and 0 interrupted iterations
default   [   9% ] 100 VUs  0m27.6s/5m0s

running (0m29.0s), 100/100 VUs, 549 complete and 0 interrupted iterations
default   [  10% ] 100 VUs  0m28.6s/5m0s

running (0m30.0s), 100/100 VUs, 564 complete and 0 interrupted iterations
default   [  10% ] 100 VUs  0m29.6s/5m0s

running (0m31.0s), 100/100 VUs, 582 complete and 0 interrupted iterations
default   [  10% ] 100 VUs  0m30.6s/5m0s

running (0m32.0s), 100/100 VUs, 602 complete and 0 interrupted iterations
default   [  11% ] 100 VUs  0m31.6s/5m0s

running (0m33.0s), 100/100 VUs, 618 complete and 0 interrupted iterations
default   [  11% ] 100 VUs  0m32.6s/5m0s

running (0m34.0s), 100/100 VUs, 636 complete and 0 interrupted iterations
default   [  11% ] 100 VUs  0m33.6s/5m0s

running (0m35.0s), 100/100 VUs, 649 complete and 0 interrupted iterations
default   [  12% ] 100 VUs  0m34.6s/5m0s

running (0m36.0s), 100/100 VUs, 673 complete and 0 interrupted iterations
default   [  12% ] 100 VUs  0m35.6s/5m0s

running (0m37.0s), 100/100 VUs, 688 complete and 0 interrupted iterations
default   [  12% ] 100 VUs  0m36.6s/5m0s

running (0m38.0s), 100/100 VUs, 704 complete and 0 interrupted iterations
default   [  13% ] 100 VUs  0m37.6s/5m0s

running (0m39.0s), 100/100 VUs, 726 complete and 0 interrupted iterations
default   [  13% ] 100 VUs  0m38.6s/5m0s

running (0m40.0s), 100/100 VUs, 758 complete and 0 interrupted iterations
default   [  13% ] 100 VUs  0m39.6s/5m0s

running (0m41.0s), 100/100 VUs, 779 complete and 0 interrupted iterations
default   [  14% ] 100 VUs  0m40.6s/5m0s

running (0m42.0s), 100/100 VUs, 812 complete and 0 interrupted iterations
default   [  14% ] 100 VUs  0m41.6s/5m0s

running (0m43.0s), 100/100 VUs, 843 complete and 0 interrupted iterations
default   [  14% ] 100 VUs  0m42.6s/5m0s

running (0m44.0s), 100/100 VUs, 865 complete and 0 interrupted iterations
default   [  15% ] 100 VUs  0m43.6s/5m0s

running (0m45.0s), 100/100 VUs, 892 complete and 0 interrupted iterations
default   [  15% ] 100 VUs  0m44.6s/5m0s

running (0m46.0s), 100/100 VUs, 923 complete and 0 interrupted iterations
default   [  15% ] 100 VUs  0m45.6s/5m0s

running (0m47.0s), 100/100 VUs, 949 complete and 0 interrupted iterations
default   [  16% ] 100 VUs  0m46.6s/5m0s

running (0m48.0s), 100/100 VUs, 979 complete and 0 interrupted iterations
default   [  16% ] 100 VUs  0m47.6s/5m0s

running (0m49.0s), 100/100 VUs, 1003 complete and 0 interrupted iterations
default   [  16% ] 100 VUs  0m48.6s/5m0s

running (0m50.0s), 100/100 VUs, 1029 complete and 0 interrupted iterations
default   [  17% ] 100 VUs  0m49.6s/5m0s

running (0m51.0s), 100/100 VUs, 1060 complete and 0 interrupted iterations
default   [  17% ] 100 VUs  0m50.6s/5m0s

running (0m52.0s), 100/100 VUs, 1088 complete and 0 interrupted iterations
default   [  17% ] 100 VUs  0m51.6s/5m0s

running (0m53.0s), 100/100 VUs, 1116 complete and 0 interrupted iterations
default   [  18% ] 100 VUs  0m52.6s/5m0s

running (0m54.0s), 100/100 VUs, 1145 complete and 0 interrupted iterations
default   [  18% ] 100 VUs  0m53.6s/5m0s

running (0m55.0s), 100/100 VUs, 1171 complete and 0 interrupted iterations
default   [  18% ] 100 VUs  0m54.6s/5m0s

running (0m56.0s), 100/100 VUs, 1194 complete and 0 interrupted iterations
default   [  19% ] 100 VUs  0m55.6s/5m0s

running (0m57.0s), 100/100 VUs, 1219 complete and 0 interrupted iterations
default   [  19% ] 100 VUs  0m56.6s/5m0s

running (0m58.0s), 100/100 VUs, 1240 complete and 0 interrupted iterations
default   [  19% ] 100 VUs  0m57.6s/5m0s

running (0m59.0s), 100/100 VUs, 1276 complete and 0 interrupted iterations
default   [  20% ] 100 VUs  0m58.6s/5m0s

running (1m00.0s), 100/100 VUs, 1309 complete and 0 interrupted iterations
default   [  20% ] 100 VUs  0m59.6s/5m0s

running (1m01.0s), 100/100 VUs, 1326 complete and 0 interrupted iterations
default   [  20% ] 100 VUs  1m00.6s/5m0s

running (1m02.0s), 100/100 VUs, 1357 complete and 0 interrupted iterations
default   [  21% ] 100 VUs  1m01.6s/5m0s

running (1m03.0s), 100/100 VUs, 1389 complete and 0 interrupted iterations
default   [  21% ] 100 VUs  1m02.6s/5m0s

running (1m04.0s), 100/100 VUs, 1425 complete and 0 interrupted iterations
default   [  21% ] 100 VUs  1m03.6s/5m0s

running (1m05.0s), 100/100 VUs, 1452 complete and 0 interrupted iterations
default   [  22% ] 100 VUs  1m04.6s/5m0s

running (1m06.0s), 100/100 VUs, 1481 complete and 0 interrupted iterations
default   [  22% ] 100 VUs  1m05.6s/5m0s

running (1m07.0s), 100/100 VUs, 1506 complete and 0 interrupted iterations
default   [  22% ] 100 VUs  1m06.6s/5m0s

running (1m08.0s), 100/100 VUs, 1532 complete and 0 interrupted iterations
default   [  23% ] 100 VUs  1m07.6s/5m0s

running (1m09.0s), 100/100 VUs, 1557 complete and 0 interrupted iterations
default   [  23% ] 100 VUs  1m08.6s/5m0s

running (1m10.0s), 100/100 VUs, 1569 complete and 0 interrupted iterations
default   [  23% ] 100 VUs  1m09.6s/5m0s

running (1m11.0s), 100/100 VUs, 1593 complete and 0 interrupted iterations
default   [  24% ] 100 VUs  1m10.6s/5m0s

running (1m12.0s), 100/100 VUs, 1606 complete and 0 interrupted iterations
default   [  24% ] 100 VUs  1m11.6s/5m0s

running (1m13.0s), 100/100 VUs, 1623 complete and 0 interrupted iterations
default   [  24% ] 100 VUs  1m12.6s/5m0s

running (1m14.0s), 100/100 VUs, 1640 complete and 0 interrupted iterations
default   [  25% ] 100 VUs  1m13.6s/5m0s

running (1m15.0s), 100/100 VUs, 1657 complete and 0 interrupted iterations
default   [  25% ] 100 VUs  1m14.6s/5m0s

running (1m16.0s), 100/100 VUs, 1671 complete and 0 interrupted iterations
default   [  25% ] 100 VUs  1m15.6s/5m0s

running (1m17.0s), 100/100 VUs, 1689 complete and 0 interrupted iterations
default   [  26% ] 100 VUs  1m16.6s/5m0s

running (1m18.0s), 100/100 VUs, 1713 complete and 0 interrupted iterations
default   [  26% ] 100 VUs  1m17.6s/5m0s

running (1m19.0s), 100/100 VUs, 1732 complete and 0 interrupted iterations
default   [  26% ] 100 VUs  1m18.6s/5m0s

running (1m20.0s), 100/100 VUs, 1752 complete and 0 interrupted iterations
default   [  27% ] 100 VUs  1m19.6s/5m0s

running (1m21.0s), 100/100 VUs, 1771 complete and 0 interrupted iterations
default   [  27% ] 100 VUs  1m20.6s/5m0s

running (1m22.0s), 100/100 VUs, 1788 complete and 0 interrupted iterations
default   [  27% ] 100 VUs  1m21.6s/5m0s

running (1m23.0s), 100/100 VUs, 1811 complete and 0 interrupted iterations
default   [  28% ] 100 VUs  1m22.6s/5m0s

running (1m24.0s), 100/100 VUs, 1827 complete and 0 interrupted iterations
default   [  28% ] 100 VUs  1m23.6s/5m0s

running (1m25.0s), 100/100 VUs, 1840 complete and 0 interrupted iterations
default   [  28% ] 100 VUs  1m24.6s/5m0s

running (1m26.0s), 100/100 VUs, 1859 complete and 0 interrupted iterations
default   [  29% ] 100 VUs  1m25.6s/5m0s

running (1m27.0s), 100/100 VUs, 1878 complete and 0 interrupted iterations
default   [  29% ] 100 VUs  1m26.6s/5m0s

running (1m28.0s), 100/100 VUs, 1888 complete and 0 interrupted iterations
default   [  29% ] 100 VUs  1m27.6s/5m0s

running (1m29.0s), 100/100 VUs, 1913 complete and 0 interrupted iterations
default   [  30% ] 100 VUs  1m28.6s/5m0s

running (1m30.0s), 100/100 VUs, 1930 complete and 0 interrupted iterations
default   [  30% ] 100 VUs  1m29.6s/5m0s

running (1m31.0s), 100/100 VUs, 1948 complete and 0 interrupted iterations
default   [  30% ] 100 VUs  1m30.6s/5m0s

running (1m32.0s), 100/100 VUs, 1972 complete and 0 interrupted iterations
default   [  31% ] 100 VUs  1m31.6s/5m0s

running (1m33.0s), 100/100 VUs, 1997 complete and 0 interrupted iterations
default   [  31% ] 100 VUs  1m32.6s/5m0s

running (1m34.0s), 100/100 VUs, 2017 complete and 0 interrupted iterations
default   [  31% ] 100 VUs  1m33.6s/5m0s

running (1m35.0s), 100/100 VUs, 2039 complete and 0 interrupted iterations
default   [  32% ] 100 VUs  1m34.6s/5m0s

running (1m36.0s), 100/100 VUs, 2054 complete and 0 interrupted iterations
default   [  32% ] 100 VUs  1m35.6s/5m0s

running (1m37.0s), 100/100 VUs, 2070 complete and 0 interrupted iterations
default   [  32% ] 100 VUs  1m36.6s/5m0s

running (1m38.0s), 100/100 VUs, 2089 complete and 0 interrupted iterations
default   [  33% ] 100 VUs  1m37.6s/5m0s

running (1m39.0s), 100/100 VUs, 2112 complete and 0 interrupted iterations
default   [  33% ] 100 VUs  1m38.6s/5m0s

running (1m40.0s), 100/100 VUs, 2146 complete and 0 interrupted iterations
default   [  33% ] 100 VUs  1m39.6s/5m0s

running (1m41.0s), 100/100 VUs, 2170 complete and 0 interrupted iterations
default   [  34% ] 100 VUs  1m40.6s/5m0s

running (1m42.0s), 100/100 VUs, 2189 complete and 0 interrupted iterations
default   [  34% ] 100 VUs  1m41.6s/5m0s

running (1m43.0s), 100/100 VUs, 2209 complete and 0 interrupted iterations
default   [  34% ] 100 VUs  1m42.6s/5m0s

running (1m44.0s), 100/100 VUs, 2225 complete and 0 interrupted iterations
default   [  35% ] 100 VUs  1m43.6s/5m0s

running (1m45.0s), 100/100 VUs, 2244 complete and 0 interrupted iterations
default   [  35% ] 100 VUs  1m44.6s/5m0s

running (1m46.0s), 100/100 VUs, 2266 complete and 0 interrupted iterations
default   [  35% ] 100 VUs  1m45.6s/5m0s

running (1m47.0s), 100/100 VUs, 2288 complete and 0 interrupted iterations
default   [  36% ] 100 VUs  1m46.6s/5m0s

running (1m48.0s), 100/100 VUs, 2308 complete and 0 interrupted iterations
default   [  36% ] 100 VUs  1m47.6s/5m0s

running (1m49.0s), 100/100 VUs, 2330 complete and 0 interrupted iterations
default   [  36% ] 100 VUs  1m48.6s/5m0s

running (1m50.0s), 100/100 VUs, 2349 complete and 0 interrupted iterations
default   [  37% ] 100 VUs  1m49.6s/5m0s

running (1m51.0s), 100/100 VUs, 2361 complete and 0 interrupted iterations
default   [  37% ] 100 VUs  1m50.6s/5m0s

running (1m52.0s), 100/100 VUs, 2377 complete and 0 interrupted iterations
default   [  37% ] 100 VUs  1m51.6s/5m0s

running (1m53.0s), 100/100 VUs, 2395 complete and 0 interrupted iterations
default   [  38% ] 100 VUs  1m52.6s/5m0s

running (1m54.0s), 100/100 VUs, 2413 complete and 0 interrupted iterations
default   [  38% ] 100 VUs  1m53.6s/5m0s

running (1m55.0s), 100/100 VUs, 2433 complete and 0 interrupted iterations
default   [  38% ] 100 VUs  1m54.6s/5m0s

running (1m56.0s), 100/100 VUs, 2445 complete and 0 interrupted iterations
default   [  39% ] 100 VUs  1m55.6s/5m0s

running (1m57.0s), 100/100 VUs, 2463 complete and 0 interrupted iterations
default   [  39% ] 100 VUs  1m56.6s/5m0s

running (1m58.0s), 100/100 VUs, 2477 complete and 0 interrupted iterations
default   [  39% ] 100 VUs  1m57.6s/5m0s

running (1m59.0s), 100/100 VUs, 2496 complete and 0 interrupted iterations
default   [  40% ] 100 VUs  1m58.6s/5m0s

running (2m00.0s), 100/100 VUs, 2512 complete and 0 interrupted iterations
default   [  40% ] 100 VUs  1m59.6s/5m0s

running (2m01.0s), 100/100 VUs, 2517 complete and 0 interrupted iterations
default   [  40% ] 100 VUs  2m00.6s/5m0s

running (2m02.0s), 100/100 VUs, 2533 complete and 0 interrupted iterations
default   [  41% ] 100 VUs  2m01.6s/5m0s

running (2m03.0s), 100/100 VUs, 2548 complete and 0 interrupted iterations
default   [  41% ] 100 VUs  2m02.6s/5m0s

running (2m04.0s), 100/100 VUs, 2563 complete and 0 interrupted iterations
default   [  41% ] 100 VUs  2m03.6s/5m0s

running (2m05.0s), 100/100 VUs, 2587 complete and 0 interrupted iterations
default   [  42% ] 100 VUs  2m04.6s/5m0s

running (2m06.0s), 100/100 VUs, 2603 complete and 0 interrupted iterations
default   [  42% ] 100 VUs  2m05.6s/5m0s

running (2m07.0s), 100/100 VUs, 2618 complete and 0 interrupted iterations
default   [  42% ] 100 VUs  2m06.6s/5m0s

running (2m08.0s), 100/100 VUs, 2643 complete and 0 interrupted iterations
default   [  43% ] 100 VUs  2m07.6s/5m0s

running (2m09.0s), 100/100 VUs, 2661 complete and 0 interrupted iterations
default   [  43% ] 100 VUs  2m08.6s/5m0s

running (2m10.0s), 100/100 VUs, 2680 complete and 0 interrupted iterations
default   [  43% ] 100 VUs  2m09.6s/5m0s

running (2m11.0s), 100/100 VUs, 2698 complete and 0 interrupted iterations
default   [  44% ] 100 VUs  2m10.6s/5m0s

running (2m12.0s), 100/100 VUs, 2717 complete and 0 interrupted iterations
default   [  44% ] 100 VUs  2m11.6s/5m0s

running (2m13.0s), 100/100 VUs, 2736 complete and 0 interrupted iterations
default   [  44% ] 100 VUs  2m12.6s/5m0s

running (2m14.0s), 100/100 VUs, 2758 complete and 0 interrupted iterations
default   [  45% ] 100 VUs  2m13.6s/5m0s

running (2m15.0s), 100/100 VUs, 2776 complete and 0 interrupted iterations
default   [  45% ] 100 VUs  2m14.6s/5m0s

running (2m16.0s), 100/100 VUs, 2796 complete and 0 interrupted iterations
default   [  45% ] 100 VUs  2m15.6s/5m0s

running (2m17.0s), 100/100 VUs, 2818 complete and 0 interrupted iterations
default   [  46% ] 100 VUs  2m16.6s/5m0s

running (2m18.0s), 100/100 VUs, 2835 complete and 0 interrupted iterations
default   [  46% ] 100 VUs  2m17.6s/5m0s

running (2m19.0s), 100/100 VUs, 2852 complete and 0 interrupted iterations
default   [  46% ] 100 VUs  2m18.6s/5m0s

running (2m20.0s), 100/100 VUs, 2869 complete and 0 interrupted iterations
default   [  47% ] 100 VUs  2m19.6s/5m0s

running (2m21.0s), 100/100 VUs, 2895 complete and 0 interrupted iterations
default   [  47% ] 100 VUs  2m20.6s/5m0s

running (2m22.0s), 100/100 VUs, 2919 complete and 0 interrupted iterations
default   [  47% ] 100 VUs  2m21.6s/5m0s

running (2m23.0s), 100/100 VUs, 2931 complete and 0 interrupted iterations
default   [  48% ] 100 VUs  2m22.6s/5m0s

running (2m24.0s), 100/100 VUs, 2955 complete and 0 interrupted iterations
default   [  48% ] 100 VUs  2m23.6s/5m0s

running (2m25.0s), 100/100 VUs, 2977 complete and 0 interrupted iterations
default   [  48% ] 100 VUs  2m24.6s/5m0s

running (2m26.0s), 100/100 VUs, 2995 complete and 0 interrupted iterations
default   [  49% ] 100 VUs  2m25.6s/5m0s

running (2m27.0s), 100/100 VUs, 3018 complete and 0 interrupted iterations
default   [  49% ] 100 VUs  2m26.6s/5m0s

running (2m28.0s), 100/100 VUs, 3033 complete and 0 interrupted iterations
default   [  49% ] 100 VUs  2m27.6s/5m0s

running (2m29.0s), 100/100 VUs, 3049 complete and 0 interrupted iterations
default   [  50% ] 100 VUs  2m28.6s/5m0s

running (2m30.0s), 100/100 VUs, 3072 complete and 0 interrupted iterations
default   [  50% ] 100 VUs  2m29.6s/5m0s

running (2m31.0s), 100/100 VUs, 3080 complete and 0 interrupted iterations
default   [  50% ] 100 VUs  2m30.6s/5m0s

running (2m32.0s), 100/100 VUs, 3098 complete and 0 interrupted iterations
default   [  51% ] 100 VUs  2m31.6s/5m0s

running (2m33.0s), 100/100 VUs, 3114 complete and 0 interrupted iterations
default   [  51% ] 100 VUs  2m32.6s/5m0s

running (2m34.0s), 100/100 VUs, 3128 complete and 0 interrupted iterations
default   [  51% ] 100 VUs  2m33.6s/5m0s

running (2m35.0s), 100/100 VUs, 3146 complete and 0 interrupted iterations
default   [  52% ] 100 VUs  2m34.6s/5m0s

running (2m36.0s), 100/100 VUs, 3170 complete and 0 interrupted iterations
default   [  52% ] 100 VUs  2m35.6s/5m0s

running (2m37.0s), 100/100 VUs, 3188 complete and 0 interrupted iterations
default   [  52% ] 100 VUs  2m36.6s/5m0s

running (2m38.0s), 100/100 VUs, 3206 complete and 0 interrupted iterations
default   [  53% ] 100 VUs  2m37.6s/5m0s

running (2m39.0s), 100/100 VUs, 3220 complete and 0 interrupted iterations
default   [  53% ] 100 VUs  2m38.6s/5m0s

running (2m40.0s), 100/100 VUs, 3240 complete and 0 interrupted iterations
default   [  53% ] 100 VUs  2m39.6s/5m0s

running (2m41.0s), 100/100 VUs, 3250 complete and 0 interrupted iterations
default   [  54% ] 100 VUs  2m40.6s/5m0s

running (2m42.0s), 100/100 VUs, 3270 complete and 0 interrupted iterations
default   [  54% ] 100 VUs  2m41.6s/5m0s

running (2m43.0s), 100/100 VUs, 3290 complete and 0 interrupted iterations
default   [  54% ] 100 VUs  2m42.6s/5m0s

running (2m44.0s), 100/100 VUs, 3303 complete and 0 interrupted iterations
default   [  55% ] 100 VUs  2m43.6s/5m0s

running (2m45.0s), 100/100 VUs, 3323 complete and 0 interrupted iterations
default   [  55% ] 100 VUs  2m44.6s/5m0s

running (2m46.0s), 100/100 VUs, 3336 complete and 0 interrupted iterations
default   [  55% ] 100 VUs  2m45.6s/5m0s

running (2m47.0s), 100/100 VUs, 3362 complete and 0 interrupted iterations
default   [  56% ] 100 VUs  2m46.6s/5m0s

running (2m48.0s), 100/100 VUs, 3377 complete and 0 interrupted iterations
default   [  56% ] 100 VUs  2m47.6s/5m0s

running (2m49.0s), 100/100 VUs, 3402 complete and 0 interrupted iterations
default   [  56% ] 100 VUs  2m48.6s/5m0s

running (2m50.0s), 100/100 VUs, 3419 complete and 0 interrupted iterations
default   [  57% ] 100 VUs  2m49.6s/5m0s

running (2m51.0s), 100/100 VUs, 3434 complete and 0 interrupted iterations
default   [  57% ] 100 VUs  2m50.6s/5m0s

running (2m52.0s), 100/100 VUs, 3451 complete and 0 interrupted iterations
default   [  57% ] 100 VUs  2m51.6s/5m0s

running (2m53.0s), 100/100 VUs, 3466 complete and 0 interrupted iterations
default   [  58% ] 100 VUs  2m52.6s/5m0s

running (2m54.0s), 100/100 VUs, 3489 complete and 0 interrupted iterations
default   [  58% ] 100 VUs  2m53.6s/5m0s

running (2m55.0s), 100/100 VUs, 3507 complete and 0 interrupted iterations
default   [  58% ] 100 VUs  2m54.6s/5m0s

running (2m56.0s), 100/100 VUs, 3531 complete and 0 interrupted iterations
default   [  59% ] 100 VUs  2m55.6s/5m0s

running (2m57.0s), 100/100 VUs, 3545 complete and 0 interrupted iterations
default   [  59% ] 100 VUs  2m56.6s/5m0s

running (2m58.0s), 100/100 VUs, 3568 complete and 0 interrupted iterations
default   [  59% ] 100 VUs  2m57.6s/5m0s

running (2m59.0s), 100/100 VUs, 3580 complete and 0 interrupted iterations
default   [  60% ] 100 VUs  2m58.6s/5m0s

running (3m00.0s), 100/100 VUs, 3600 complete and 0 interrupted iterations
default   [  60% ] 100 VUs  2m59.6s/5m0s

running (3m01.0s), 100/100 VUs, 3616 complete and 0 interrupted iterations
default   [  60% ] 100 VUs  3m00.6s/5m0s

running (3m02.0s), 100/100 VUs, 3629 complete and 0 interrupted iterations
default   [  61% ] 100 VUs  3m01.6s/5m0s

running (3m03.0s), 100/100 VUs, 3651 complete and 0 interrupted iterations
default   [  61% ] 100 VUs  3m02.6s/5m0s

running (3m04.0s), 100/100 VUs, 3667 complete and 0 interrupted iterations
default   [  61% ] 100 VUs  3m03.6s/5m0s

running (3m05.0s), 100/100 VUs, 3688 complete and 0 interrupted iterations
default   [  62% ] 100 VUs  3m04.6s/5m0s

running (3m06.0s), 100/100 VUs, 3712 complete and 0 interrupted iterations
default   [  62% ] 100 VUs  3m05.6s/5m0s

running (3m07.0s), 100/100 VUs, 3721 complete and 0 interrupted iterations
default   [  62% ] 100 VUs  3m06.6s/5m0s

running (3m08.0s), 100/100 VUs, 3736 complete and 0 interrupted iterations
default   [  63% ] 100 VUs  3m07.6s/5m0s

running (3m09.0s), 100/100 VUs, 3757 complete and 0 interrupted iterations
default   [  63% ] 100 VUs  3m08.6s/5m0s

running (3m10.0s), 100/100 VUs, 3778 complete and 0 interrupted iterations
default   [  63% ] 100 VUs  3m09.6s/5m0s

running (3m11.0s), 100/100 VUs, 3802 complete and 0 interrupted iterations
default   [  64% ] 100 VUs  3m10.6s/5m0s

running (3m12.0s), 100/100 VUs, 3815 complete and 0 interrupted iterations
default   [  64% ] 100 VUs  3m11.6s/5m0s

running (3m13.0s), 100/100 VUs, 3837 complete and 0 interrupted iterations
default   [  64% ] 100 VUs  3m12.6s/5m0s

running (3m14.0s), 100/100 VUs, 3855 complete and 0 interrupted iterations
default   [  65% ] 100 VUs  3m13.6s/5m0s

running (3m15.0s), 100/100 VUs, 3875 complete and 0 interrupted iterations
default   [  65% ] 100 VUs  3m14.6s/5m0s

running (3m16.0s), 100/100 VUs, 3900 complete and 0 interrupted iterations
default   [  65% ] 100 VUs  3m15.6s/5m0s

running (3m17.0s), 100/100 VUs, 3920 complete and 0 interrupted iterations
default   [  66% ] 100 VUs  3m16.6s/5m0s

running (3m18.0s), 100/100 VUs, 3944 complete and 0 interrupted iterations
default   [  66% ] 100 VUs  3m17.6s/5m0s

running (3m19.0s), 100/100 VUs, 3962 complete and 0 interrupted iterations
default   [  66% ] 100 VUs  3m18.6s/5m0s

running (3m20.0s), 100/100 VUs, 3973 complete and 0 interrupted iterations
default   [  67% ] 100 VUs  3m19.6s/5m0s

running (3m21.0s), 100/100 VUs, 3994 complete and 0 interrupted iterations
default   [  67% ] 100 VUs  3m20.6s/5m0s

running (3m22.0s), 100/100 VUs, 4019 complete and 0 interrupted iterations
default   [  67% ] 100 VUs  3m21.6s/5m0s

running (3m23.0s), 100/100 VUs, 4045 complete and 0 interrupted iterations
default   [  68% ] 100 VUs  3m22.6s/5m0s

running (3m24.0s), 100/100 VUs, 4062 complete and 0 interrupted iterations
default   [  68% ] 100 VUs  3m23.6s/5m0s

running (3m25.0s), 100/100 VUs, 4083 complete and 0 interrupted iterations
default   [  68% ] 100 VUs  3m24.6s/5m0s

running (3m26.0s), 100/100 VUs, 4101 complete and 0 interrupted iterations
default   [  69% ] 100 VUs  3m25.6s/5m0s

running (3m27.0s), 100/100 VUs, 4121 complete and 0 interrupted iterations
default   [  69% ] 100 VUs  3m26.6s/5m0s

running (3m28.0s), 100/100 VUs, 4149 complete and 0 interrupted iterations
default   [  69% ] 100 VUs  3m27.6s/5m0s

running (3m29.0s), 100/100 VUs, 4169 complete and 0 interrupted iterations
default   [  70% ] 100 VUs  3m28.6s/5m0s

running (3m30.0s), 100/100 VUs, 4192 complete and 0 interrupted iterations
default   [  70% ] 100 VUs  3m29.6s/5m0s

running (3m31.0s), 100/100 VUs, 4209 complete and 0 interrupted iterations
default   [  70% ] 100 VUs  3m30.6s/5m0s

running (3m32.0s), 100/100 VUs, 4225 complete and 0 interrupted iterations
default   [  71% ] 100 VUs  3m31.6s/5m0s

running (3m33.0s), 100/100 VUs, 4247 complete and 0 interrupted iterations
default   [  71% ] 100 VUs  3m32.6s/5m0s

running (3m34.0s), 100/100 VUs, 4262 complete and 0 interrupted iterations
default   [  71% ] 100 VUs  3m33.6s/5m0s

running (3m35.0s), 100/100 VUs, 4285 complete and 0 interrupted iterations
default   [  72% ] 100 VUs  3m34.6s/5m0s

running (3m36.0s), 100/100 VUs, 4318 complete and 0 interrupted iterations
default   [  72% ] 100 VUs  3m35.6s/5m0s

running (3m37.0s), 100/100 VUs, 4356 complete and 0 interrupted iterations
default   [  72% ] 100 VUs  3m36.6s/5m0s

running (3m38.0s), 100/100 VUs, 4379 complete and 0 interrupted iterations
default   [  73% ] 100 VUs  3m37.6s/5m0s

running (3m39.0s), 100/100 VUs, 4396 complete and 0 interrupted iterations
default   [  73% ] 100 VUs  3m38.6s/5m0s

running (3m40.0s), 100/100 VUs, 4416 complete and 0 interrupted iterations
default   [  73% ] 100 VUs  3m39.6s/5m0s

running (3m41.0s), 100/100 VUs, 4441 complete and 0 interrupted iterations
default   [  74% ] 100 VUs  3m40.6s/5m0s

running (3m42.0s), 100/100 VUs, 4462 complete and 0 interrupted iterations
default   [  74% ] 100 VUs  3m41.6s/5m0s

running (3m43.0s), 100/100 VUs, 4484 complete and 0 interrupted iterations
default   [  74% ] 100 VUs  3m42.6s/5m0s

running (3m44.0s), 100/100 VUs, 4505 complete and 0 interrupted iterations
default   [  75% ] 100 VUs  3m43.6s/5m0s

running (3m45.0s), 100/100 VUs, 4518 complete and 0 interrupted iterations
default   [  75% ] 100 VUs  3m44.6s/5m0s

running (3m46.0s), 100/100 VUs, 4536 complete and 0 interrupted iterations
default   [  75% ] 100 VUs  3m45.6s/5m0s

running (3m47.0s), 100/100 VUs, 4559 complete and 0 interrupted iterations
default   [  76% ] 100 VUs  3m46.6s/5m0s

running (3m48.0s), 100/100 VUs, 4591 complete and 0 interrupted iterations
default   [  76% ] 100 VUs  3m47.6s/5m0s

running (3m49.0s), 100/100 VUs, 4616 complete and 0 interrupted iterations
default   [  76% ] 100 VUs  3m48.6s/5m0s

running (3m50.0s), 100/100 VUs, 4641 complete and 0 interrupted iterations
default   [  77% ] 100 VUs  3m49.6s/5m0s

running (3m51.0s), 100/100 VUs, 4664 complete and 0 interrupted iterations
default   [  77% ] 100 VUs  3m50.6s/5m0s

running (3m52.0s), 100/100 VUs, 4693 complete and 0 interrupted iterations
default   [  77% ] 100 VUs  3m51.6s/5m0s

running (3m53.0s), 100/100 VUs, 4713 complete and 0 interrupted iterations
default   [  78% ] 100 VUs  3m52.6s/5m0s

running (3m54.0s), 100/100 VUs, 4748 complete and 0 interrupted iterations
default   [  78% ] 100 VUs  3m53.6s/5m0s

running (3m55.0s), 100/100 VUs, 4772 complete and 0 interrupted iterations
default   [  78% ] 100 VUs  3m54.6s/5m0s

running (3m56.0s), 100/100 VUs, 4803 complete and 0 interrupted iterations
default   [  79% ] 100 VUs  3m55.6s/5m0s

running (3m57.0s), 100/100 VUs, 4827 complete and 0 interrupted iterations
default   [  79% ] 100 VUs  3m56.6s/5m0s

running (3m58.0s), 100/100 VUs, 4864 complete and 0 interrupted iterations
default   [  79% ] 100 VUs  3m57.6s/5m0s

running (3m59.0s), 100/100 VUs, 4892 complete and 0 interrupted iterations
default   [  80% ] 100 VUs  3m58.6s/5m0s

running (4m00.0s), 100/100 VUs, 4912 complete and 0 interrupted iterations
default   [  80% ] 100 VUs  3m59.6s/5m0s

running (4m01.0s), 100/100 VUs, 4936 complete and 0 interrupted iterations
default   [  80% ] 100 VUs  4m00.6s/5m0s

running (4m02.0s), 100/100 VUs, 4948 complete and 0 interrupted iterations
default   [  81% ] 100 VUs  4m01.6s/5m0s

running (4m03.0s), 100/100 VUs, 4966 complete and 0 interrupted iterations
default   [  81% ] 100 VUs  4m02.6s/5m0s

running (4m04.0s), 100/100 VUs, 4984 complete and 0 interrupted iterations
default   [  81% ] 100 VUs  4m03.6s/5m0s

running (4m05.0s), 100/100 VUs, 5006 complete and 0 interrupted iterations
default   [  82% ] 100 VUs  4m04.6s/5m0s

running (4m06.0s), 100/100 VUs, 5028 complete and 0 interrupted iterations
default   [  82% ] 100 VUs  4m05.6s/5m0s

running (4m07.0s), 100/100 VUs, 5054 complete and 0 interrupted iterations
default   [  82% ] 100 VUs  4m06.6s/5m0s

running (4m08.0s), 100/100 VUs, 5070 complete and 0 interrupted iterations
default   [  83% ] 100 VUs  4m07.6s/5m0s

running (4m09.0s), 100/100 VUs, 5082 complete and 0 interrupted iterations
default   [  83% ] 100 VUs  4m08.6s/5m0s

running (4m10.0s), 100/100 VUs, 5107 complete and 0 interrupted iterations
default   [  83% ] 100 VUs  4m09.6s/5m0s

running (4m11.0s), 100/100 VUs, 5124 complete and 0 interrupted iterations
default   [  84% ] 100 VUs  4m10.6s/5m0s

running (4m12.0s), 100/100 VUs, 5140 complete and 0 interrupted iterations
default   [  84% ] 100 VUs  4m11.6s/5m0s

running (4m13.0s), 100/100 VUs, 5159 complete and 0 interrupted iterations
default   [  84% ] 100 VUs  4m12.6s/5m0s

running (4m14.0s), 100/100 VUs, 5179 complete and 0 interrupted iterations
default   [  85% ] 100 VUs  4m13.6s/5m0s

running (4m15.0s), 100/100 VUs, 5197 complete and 0 interrupted iterations
default   [  85% ] 100 VUs  4m14.6s/5m0s

running (4m16.0s), 100/100 VUs, 5221 complete and 0 interrupted iterations
default   [  85% ] 100 VUs  4m15.6s/5m0s

running (4m17.0s), 100/100 VUs, 5242 complete and 0 interrupted iterations
default   [  86% ] 100 VUs  4m16.6s/5m0s

running (4m18.0s), 100/100 VUs, 5264 complete and 0 interrupted iterations
default   [  86% ] 100 VUs  4m17.6s/5m0s

running (4m19.0s), 100/100 VUs, 5282 complete and 0 interrupted iterations
default   [  86% ] 100 VUs  4m18.6s/5m0s

running (4m20.0s), 100/100 VUs, 5307 complete and 0 interrupted iterations
default   [  87% ] 100 VUs  4m19.6s/5m0s

running (4m21.0s), 100/100 VUs, 5325 complete and 0 interrupted iterations
default   [  87% ] 100 VUs  4m20.6s/5m0s

running (4m22.0s), 100/100 VUs, 5347 complete and 0 interrupted iterations
default   [  87% ] 100 VUs  4m21.6s/5m0s

running (4m23.0s), 100/100 VUs, 5359 complete and 0 interrupted iterations
default   [  88% ] 100 VUs  4m22.6s/5m0s

running (4m24.0s), 100/100 VUs, 5374 complete and 0 interrupted iterations
default   [  88% ] 100 VUs  4m23.6s/5m0s

running (4m25.0s), 100/100 VUs, 5390 complete and 0 interrupted iterations
default   [  88% ] 100 VUs  4m24.6s/5m0s

running (4m26.0s), 100/100 VUs, 5406 complete and 0 interrupted iterations
default   [  89% ] 100 VUs  4m25.6s/5m0s

running (4m27.0s), 100/100 VUs, 5423 complete and 0 interrupted iterations
default   [  89% ] 100 VUs  4m26.6s/5m0s

running (4m28.0s), 100/100 VUs, 5444 complete and 0 interrupted iterations
default   [  89% ] 100 VUs  4m27.6s/5m0s

running (4m29.0s), 100/100 VUs, 5474 complete and 0 interrupted iterations
default   [  90% ] 100 VUs  4m28.6s/5m0s

running (4m30.0s), 100/100 VUs, 5488 complete and 0 interrupted iterations
default   [  90% ] 100 VUs  4m29.6s/5m0s

running (4m31.0s), 100/100 VUs, 5505 complete and 0 interrupted iterations
default   [  90% ] 100 VUs  4m30.6s/5m0s

running (4m32.0s), 100/100 VUs, 5527 complete and 0 interrupted iterations
default   [  91% ] 100 VUs  4m31.6s/5m0s

running (4m33.0s), 100/100 VUs, 5542 complete and 0 interrupted iterations
default   [  91% ] 100 VUs  4m32.6s/5m0s

running (4m34.0s), 100/100 VUs, 5553 complete and 0 interrupted iterations
default   [  91% ] 100 VUs  4m33.6s/5m0s

running (4m35.0s), 100/100 VUs, 5571 complete and 0 interrupted iterations
default   [  92% ] 100 VUs  4m34.6s/5m0s

running (4m36.0s), 100/100 VUs, 5590 complete and 0 interrupted iterations
default   [  92% ] 100 VUs  4m35.6s/5m0s

running (4m37.0s), 100/100 VUs, 5603 complete and 0 interrupted iterations
default   [  92% ] 100 VUs  4m36.6s/5m0s

running (4m38.0s), 100/100 VUs, 5618 complete and 0 interrupted iterations
default   [  93% ] 100 VUs  4m37.6s/5m0s

running (4m39.0s), 100/100 VUs, 5631 complete and 0 interrupted iterations
default   [  93% ] 100 VUs  4m38.6s/5m0s

running (4m40.0s), 100/100 VUs, 5652 complete and 0 interrupted iterations
default   [  93% ] 100 VUs  4m39.6s/5m0s

running (4m41.0s), 100/100 VUs, 5666 complete and 0 interrupted iterations
default   [  94% ] 100 VUs  4m40.6s/5m0s

running (4m42.0s), 100/100 VUs, 5690 complete and 0 interrupted iterations
default   [  94% ] 100 VUs  4m41.6s/5m0s

running (4m43.0s), 100/100 VUs, 5705 complete and 0 interrupted iterations
default   [  94% ] 100 VUs  4m42.6s/5m0s

running (4m44.0s), 100/100 VUs, 5719 complete and 0 interrupted iterations
default   [  95% ] 100 VUs  4m43.6s/5m0s

running (4m45.0s), 100/100 VUs, 5738 complete and 0 interrupted iterations
default   [  95% ] 100 VUs  4m44.6s/5m0s

running (4m46.0s), 100/100 VUs, 5753 complete and 0 interrupted iterations
default   [  95% ] 100 VUs  4m45.6s/5m0s

running (4m47.0s), 100/100 VUs, 5774 complete and 0 interrupted iterations
default   [  96% ] 100 VUs  4m46.6s/5m0s

running (4m48.0s), 100/100 VUs, 5792 complete and 0 interrupted iterations
default   [  96% ] 100 VUs  4m47.6s/5m0s

running (4m49.0s), 100/100 VUs, 5813 complete and 0 interrupted iterations
default   [  96% ] 100 VUs  4m48.6s/5m0s

running (4m50.0s), 100/100 VUs, 5838 complete and 0 interrupted iterations
default   [  97% ] 100 VUs  4m49.6s/5m0s

running (4m51.0s), 100/100 VUs, 5853 complete and 0 interrupted iterations
default   [  97% ] 100 VUs  4m50.6s/5m0s

running (4m52.0s), 100/100 VUs, 5877 complete and 0 interrupted iterations
default   [  97% ] 100 VUs  4m51.6s/5m0s

running (4m53.0s), 100/100 VUs, 5890 complete and 0 interrupted iterations
default   [  98% ] 100 VUs  4m52.6s/5m0s

running (4m54.0s), 100/100 VUs, 5912 complete and 0 interrupted iterations
default   [  98% ] 100 VUs  4m53.6s/5m0s

running (4m55.0s), 100/100 VUs, 5930 complete and 0 interrupted iterations
default   [  98% ] 100 VUs  4m54.6s/5m0s

running (4m56.0s), 100/100 VUs, 5941 complete and 0 interrupted iterations
default   [  99% ] 100 VUs  4m55.6s/5m0s

running (4m57.0s), 100/100 VUs, 5968 complete and 0 interrupted iterations
default   [  99% ] 100 VUs  4m56.6s/5m0s

running (4m58.0s), 100/100 VUs, 5989 complete and 0 interrupted iterations
default   [  99% ] 100 VUs  4m57.6s/5m0s

running (4m59.0s), 100/100 VUs, 6003 complete and 0 interrupted iterations
default   [ 100% ] 100 VUs  4m58.6s/5m0s

running (5m00.0s), 100/100 VUs, 6024 complete and 0 interrupted iterations
default   [ 100% ] 100 VUs  4m59.6s/5m0s

running (5m01.0s), 080/100 VUs, 6046 complete and 0 interrupted iterations
default ↓ [ 100% ] 100 VUs  5m0s

running (5m02.0s), 064/100 VUs, 6062 complete and 0 interrupted iterations
default ↓ [ 100% ] 100 VUs  5m0s

running (5m03.0s), 046/100 VUs, 6080 complete and 0 interrupted iterations
default ↓ [ 100% ] 100 VUs  5m0s

running (5m04.0s), 029/100 VUs, 6097 complete and 0 interrupted iterations
default ↓ [ 100% ] 100 VUs  5m0s

running (5m05.0s), 014/100 VUs, 6112 complete and 0 interrupted iterations
default ↓ [ 100% ] 100 VUs  5m0s

running (5m06.0s), 004/100 VUs, 6122 complete and 0 interrupted iterations
default ↓ [ 100% ] 100 VUs  5m0s
time="2026-03-02T11:04:33+01:00" level=info msg="\n========================================" source=console
time="2026-03-02T11:04:33+01:00" level=info msg="Load test completed" source=console
time="2026-03-02T11:04:33+01:00" level=info msg="Target: https://lemonade-stand-lemonade-stand-assistant.apps.cluster-8zrnr.8zrnr.sandbox203.opentlc.com" source=console
time="2026-03-02T11:04:33+01:00" level=info msg="Scenario: load" source=console
time="2026-03-02T11:04:33+01:00" level=info msg="========================================\n" source=console


  █ THRESHOLDS 

    http_req_duration
    ✓ 'p(95)<60000' p(95)=9.52s

    sse_error_rate
    ✓ 'rate<0.20' rate=0.00%

    sse_success_rate
    ✓ 'rate>0.80' rate=100.00%

    sse_total_time_ms
    ✓ 'p(95)<60000' p(95)=9.53s

    sse_ttfb_ms
    ✓ 'p(50)<5000' p(50)=593ms
    ✓ 'p(95)<15000' p(95)=1.49s


  █ TOTAL RESULTS 

    checks_total.......: 26913  87.905004/s
    checks_succeeded...: 98.83% 26599 out of 26913
    checks_failed......: 1.16%  314 out of 26913

    ✓ status is 200
    ✓ received SSE data
    ✓ got response content
    ✓ stream completed
    ✗ safe prompt got content
      ↳  86% — ✓ 2095 / ✗ 314

    CUSTOM
    sse_blocked_rate...............: 53.33%  3267 out of 6126
    sse_chunks_count...............: avg=4.981554   min=0        med=2     max=59     p(90)=14    p(95)=21    
    sse_content_length.............: avg=173.006856 min=0        med=30    max=1337   p(90)=554   p(95)=793   
    sse_error_rate.................: 0.00%   0 out of 6126
    sse_requests_total.............: 6126    20.009143/s
    sse_success_rate...............: 100.00% 6126 out of 6126
    sse_total_time_ms..............: avg=2.92s      min=113ms    med=1.59s max=27.35s p(90)=7.04s p(95)=9.53s 
    sse_ttfb_ms....................: avg=661.17ms   min=106.5ms  med=593ms max=3.71s  p(90)=1.21s p(95)=1.49s 

    HTTP
    http_req_duration..............: avg=2.91s      min=112.42ms med=1.59s max=27.35s p(90)=7.02s p(95)=9.52s 
      { expected_response:true }...: avg=2.91s      min=112.42ms med=1.59s max=27.35s p(90)=7.02s p(95)=9.52s 
    http_req_failed................: 0.00%   0 out of 6127
    http_reqs......................: 6127    20.012409/s

    EXECUTION
    iteration_duration.............: avg=4.93s      min=1.12s    med=3.75s max=29.66s p(90)=9.05s p(95)=11.54s
    iterations.....................: 6126    20.009143/s
    vus............................: 4       min=4            max=100
    vus_max........................: 100     min=100          max=100

    NETWORK
    data_received..................: 5.6 MB  18 kB/s
    data_sent......................: 2.0 MB  6.5 kB/s




running (5m06.2s), 000/100 VUs, 6126 complete and 0 interrupted iterations
default ✓ [ 100% ] 100 VUs  5m0s
